Archive member included to satisfy reference by file (symbol)

d:/program files (x86)/gnu arm embedded toolchain/10 2021.10/bin/../lib/gcc/arm-none-eabi/10.3.1/../../../../arm-none-eabi/lib/thumb/v7-m/nofp\libc_nano.a(lib_a-exit.o)
                              d:/program files (x86)/gnu arm embedded toolchain/10 2021.10/bin/../lib/gcc/arm-none-eabi/10.3.1/../../../../arm-none-eabi/lib/thumb/v7-m/nofp/crt0.o (exit)
d:/program files (x86)/gnu arm embedded toolchain/10 2021.10/bin/../lib/gcc/arm-none-eabi/10.3.1/../../../../arm-none-eabi/lib/thumb/v7-m/nofp\libc_nano.a(lib_a-impure.o)
                              d:/program files (x86)/gnu arm embedded toolchain/10 2021.10/bin/../lib/gcc/arm-none-eabi/10.3.1/../../../../arm-none-eabi/lib/thumb/v7-m/nofp\libc_nano.a(lib_a-exit.o) (_global_impure_ptr)
d:/program files (x86)/gnu arm embedded toolchain/10 2021.10/bin/../lib/gcc/arm-none-eabi/10.3.1/../../../../arm-none-eabi/lib/thumb/v7-m/nofp\libc_nano.a(lib_a-init.o)
                              d:/program files (x86)/gnu arm embedded toolchain/10 2021.10/bin/../lib/gcc/arm-none-eabi/10.3.1/../../../../arm-none-eabi/lib/thumb/v7-m/nofp/crt0.o (__libc_init_array)
d:/program files (x86)/gnu arm embedded toolchain/10 2021.10/bin/../lib/gcc/arm-none-eabi/10.3.1/../../../../arm-none-eabi/lib/thumb/v7-m/nofp\libc_nano.a(lib_a-memset.o)
                              d:/program files (x86)/gnu arm embedded toolchain/10 2021.10/bin/../lib/gcc/arm-none-eabi/10.3.1/../../../../arm-none-eabi/lib/thumb/v7-m/nofp/crt0.o (memset)
d:/program files (x86)/gnu arm embedded toolchain/10 2021.10/bin/../lib/gcc/arm-none-eabi/10.3.1/../../../../arm-none-eabi/lib/thumb/v7-m/nofp\libc_nano.a(lib_a-puts.o)
                              build/main.o (puts)
d:/program files (x86)/gnu arm embedded toolchain/10 2021.10/bin/../lib/gcc/arm-none-eabi/10.3.1/../../../../arm-none-eabi/lib/thumb/v7-m/nofp\libc_nano.a(lib_a-wbuf.o)
                              d:/program files (x86)/gnu arm embedded toolchain/10 2021.10/bin/../lib/gcc/arm-none-eabi/10.3.1/../../../../arm-none-eabi/lib/thumb/v7-m/nofp\libc_nano.a(lib_a-puts.o) (__swbuf_r)
d:/program files (x86)/gnu arm embedded toolchain/10 2021.10/bin/../lib/gcc/arm-none-eabi/10.3.1/../../../../arm-none-eabi/lib/thumb/v7-m/nofp\libc_nano.a(lib_a-wsetup.o)
                              d:/program files (x86)/gnu arm embedded toolchain/10 2021.10/bin/../lib/gcc/arm-none-eabi/10.3.1/../../../../arm-none-eabi/lib/thumb/v7-m/nofp\libc_nano.a(lib_a-puts.o) (__swsetup_r)
d:/program files (x86)/gnu arm embedded toolchain/10 2021.10/bin/../lib/gcc/arm-none-eabi/10.3.1/../../../../arm-none-eabi/lib/thumb/v7-m/nofp\libc_nano.a(lib_a-fflush.o)
                              d:/program files (x86)/gnu arm embedded toolchain/10 2021.10/bin/../lib/gcc/arm-none-eabi/10.3.1/../../../../arm-none-eabi/lib/thumb/v7-m/nofp\libc_nano.a(lib_a-wbuf.o) (_fflush_r)
d:/program files (x86)/gnu arm embedded toolchain/10 2021.10/bin/../lib/gcc/arm-none-eabi/10.3.1/../../../../arm-none-eabi/lib/thumb/v7-m/nofp\libc_nano.a(lib_a-findfp.o)
                              d:/program files (x86)/gnu arm embedded toolchain/10 2021.10/bin/../lib/gcc/arm-none-eabi/10.3.1/../../../../arm-none-eabi/lib/thumb/v7-m/nofp\libc_nano.a(lib_a-puts.o) (__sinit)
d:/program files (x86)/gnu arm embedded toolchain/10 2021.10/bin/../lib/gcc/arm-none-eabi/10.3.1/../../../../arm-none-eabi/lib/thumb/v7-m/nofp\libc_nano.a(lib_a-fwalk.o)
                              d:/program files (x86)/gnu arm embedded toolchain/10 2021.10/bin/../lib/gcc/arm-none-eabi/10.3.1/../../../../arm-none-eabi/lib/thumb/v7-m/nofp\libc_nano.a(lib_a-findfp.o) (_fwalk)
d:/program files (x86)/gnu arm embedded toolchain/10 2021.10/bin/../lib/gcc/arm-none-eabi/10.3.1/../../../../arm-none-eabi/lib/thumb/v7-m/nofp\libc_nano.a(lib_a-lock.o)
                              d:/program files (x86)/gnu arm embedded toolchain/10 2021.10/bin/../lib/gcc/arm-none-eabi/10.3.1/../../../../arm-none-eabi/lib/thumb/v7-m/nofp\libc_nano.a(lib_a-findfp.o) (__retarget_lock_init_recursive)
d:/program files (x86)/gnu arm embedded toolchain/10 2021.10/bin/../lib/gcc/arm-none-eabi/10.3.1/../../../../arm-none-eabi/lib/thumb/v7-m/nofp\libc_nano.a(lib_a-makebuf.o)
                              d:/program files (x86)/gnu arm embedded toolchain/10 2021.10/bin/../lib/gcc/arm-none-eabi/10.3.1/../../../../arm-none-eabi/lib/thumb/v7-m/nofp\libc_nano.a(lib_a-wsetup.o) (__smakebuf_r)
d:/program files (x86)/gnu arm embedded toolchain/10 2021.10/bin/../lib/gcc/arm-none-eabi/10.3.1/../../../../arm-none-eabi/lib/thumb/v7-m/nofp\libc_nano.a(lib_a-nano-freer.o)
                              d:/program files (x86)/gnu arm embedded toolchain/10 2021.10/bin/../lib/gcc/arm-none-eabi/10.3.1/../../../../arm-none-eabi/lib/thumb/v7-m/nofp\libc_nano.a(lib_a-wsetup.o) (_free_r)
[...]
Memory Configuration

Name             Origin             Length             Attributes
RAM              0x20000000         0x00020000         xrw
FLASH            0x08000000         0x00080000         xr
*default*        0x00000000         0xffffffff

Linker script and memory map

LOAD d:/program files (x86)/gnu arm embedded toolchain/10 2021.10/bin/../lib/gcc/arm-none-eabi/10.3.1/thumb/v7-m/nofp/crti.o
LOAD d:/program files (x86)/gnu arm embedded toolchain/10 2021.10/bin/../lib/gcc/arm-none-eabi/10.3.1/thumb/v7-m/nofp/crtbegin.o
LOAD d:/program files (x86)/gnu arm embedded toolchain/10 2021.10/bin/../lib/gcc/arm-none-eabi/10.3.1/../../../../arm-none-eabi/lib/thumb/v7-m/nofp/crt0.o
LOAD build/Board.o
LOAD build/apm32f10x_adc.o
LOAD build/apm32f10x_bakpr.o
LOAD build/apm32f10x_can.o
LOAD build/apm32f10x_crc.o
LOAD build/apm32f10x_dac.o
LOAD build/apm32f10x_dbgmcu.o
LOAD build/apm32f10x_dma.o
LOAD build/apm32f10x_dmc.o
LOAD build/apm32f10x_eint.o
LOAD build/apm32f10x_emmc.o
LOAD build/apm32f10x_fmc.o
LOAD build/apm32f10x_gpio.o
LOAD build/apm32f10x_i2c.o
LOAD build/apm32f10x_iwdt.o
LOAD build/apm32f10x_misc.o
LOAD build/apm32f10x_pmu.o
LOAD build/apm32f10x_qspi.o
LOAD build/apm32f10x_rcm.o
LOAD build/apm32f10x_rtc.o
LOAD build/apm32f10x_sci2c.o
LOAD build/apm32f10x_sdio.o
LOAD build/apm32f10x_spi.o
LOAD build/apm32f10x_tmr.o
LOAD build/apm32f10x_usart.o
LOAD build/apm32f10x_wwdt.o
LOAD build/system_apm32f10x.o
LOAD build/apm32f10x_int.o
LOAD build/syscall.o
LOAD build/main.o
LOAD build/startup_apm32f10x_hd.o
LOAD d:/program files (x86)/gnu arm embedded toolchain/10 2021.10/bin/../lib/gcc/arm-none-eabi/10.3.1/../../../../arm-none-eabi/lib/thumb/v7-m/nofp\libc_nano.a
LOAD d:/program files (x86)/gnu arm embedded toolchain/10 2021.10/bin/../lib/gcc/arm-none-eabi/10.3.1/../../../../arm-none-eabi/lib/thumb/v7-m/nofp\libm.a
LOAD d:/program files (x86)/gnu arm embedded toolchain/10 2021.10/bin/../lib/gcc/arm-none-eabi/10.3.1/../../../../arm-none-eabi/lib/thumb/v7-m/nofp\libnosys.a
START GROUP
LOAD d:/program files (x86)/gnu arm embedded toolchain/10 2021.10/bin/../lib/gcc/arm-none-eabi/10.3.1/thumb/v7-m/nofp\libgcc.a
LOAD d:/program files (x86)/gnu arm embedded toolchain/10 2021.10/bin/../lib/gcc/arm-none-eabi/10.3.1/../../../../arm-none-eabi/lib/thumb/v7-m/nofp\libc_nano.a
END GROUP
START GROUP
LOAD d:/program files (x86)/gnu arm embedded toolchain/10 2021.10/bin/../lib/gcc/arm-none-eabi/10.3.1/thumb/v7-m/nofp\libgcc.a
LOAD d:/program files (x86)/gnu arm embedded toolchain/10 2021.10/bin/../lib/gcc/arm-none-eabi/10.3.1/../../../../arm-none-eabi/lib/thumb/v7-m/nofp\libc_nano.a
END GROUP
LOAD d:/program files (x86)/gnu arm embedded toolchain/10 2021.10/bin/../lib/gcc/arm-none-eabi/10.3.1/thumb/v7-m/nofp/crtend.o
LOAD d:/program files (x86)/gnu arm embedded toolchain/10 2021.10/bin/../lib/gcc/arm-none-eabi/10.3.1/thumb/v7-m/nofp/crtn.o
                0x20020000                _estack = (ORIGIN (RAM) + LENGTH (RAM))
                0x00000200                _Min_Heap_Size = 0x200
                0x00000400                _Min_Stack_Size = 0x400

.isr_vector     0x08000000      0x1e4
                0x08000000                . = ALIGN (0x4)
 *(.isr_vector)
 .isr_vector    0x08000000      0x1e4 build/startup_apm32f10x_hd.o
                0x08000000                g_pfnVectors
                0x080001e4                . = ALIGN (0x4)

.text           0x080001e4     0x10c8
                0x080001e4                . = ALIGN (0x4)
 *(.text)
 .text          0x080001e4       0x40 d:/program files (x86)/gnu arm embedded toolchain/10 2021.10/bin/../lib/gcc/arm-none-eabi/10.3.1/thumb/v7-m/nofp/crtbegin.o
 *(.text*)
 .text.APM_MINI_LEDInit
                0x08000224       0x48 build/Board.o
                0x08000224                APM_MINI_LEDInit
 .text.APM_MINI_LEDToggle
                0x0800026c       0x1c build/Board.o
                0x0800026c                APM_MINI_LEDToggle
 .text.APM_MINI_COMInit
                0x08000288       0xa8 build/Board.o
                0x08000288                APM_MINI_COMInit
 .text.GPIO_Config
                0x08000330       0xaa build/apm32f10x_gpio.o
                0x08000330                GPIO_Config
 *fill*         0x080003da        0x2 
 .text.RCM_ReadSYSCLKFreq
                0x080003dc       0x50 build/apm32f10x_rcm.o
                0x080003dc                RCM_ReadSYSCLKFreq
 .text.RCM_ReadHCLKFreq
                0x0800042c       0x34 build/apm32f10x_rcm.o
                0x0800042c                RCM_ReadHCLKFreq
 .text.RCM_ReadPCLKFreq
                0x08000460       0x54 build/apm32f10x_rcm.o
                0x08000460                RCM_ReadPCLKFreq
 .text.RCM_EnableAPB2PeriphClock
                0x080004b4       0x10 build/apm32f10x_rcm.o
                0x080004b4                RCM_EnableAPB2PeriphClock
 .text.RCM_EnableAPB1PeriphClock
                0x080004c4       0x10 build/apm32f10x_rcm.o
                0x080004c4                RCM_EnableAPB1PeriphClock
 .text.USART_Config
                0x080004d4       0x9c build/apm32f10x_usart.o
                0x080004d4                USART_Config
 .text.USART_Enable
                0x08000570        0xa build/apm32f10x_usart.o
                0x08000570                USART_Enable
 .text.USART_TxData
                0x0800057a        0xa build/apm32f10x_usart.o
                0x0800057a                USART_TxData
 .text.USART_ReadStatusFlag
                0x08000584        0xc build/apm32f10x_usart.o
                0x08000584                USART_ReadStatusFlag
 .text.SystemClock72M
                0x08000590       0xb0 build/system_apm32f10x.o
 .text.SystemClockConfig
                0x08000640        0x8 build/system_apm32f10x.o
 .text.SystemInit
                0x08000648       0x50 build/system_apm32f10x.o
                0x08000648                SystemInit
 .text.NMI_Handler
                0x08000698        0x2 build/apm32f10x_int.o
                0x08000698                NMI_Handler
 .text.HardFault_Handler
                0x0800069a        0x2 build/apm32f10x_int.o
                0x0800069a                HardFault_Handler
 .text.MemManage_Handler
                0x0800069c        0x2 build/apm32f10x_int.o
                0x0800069c                MemManage_Handler
 .text.BusFault_Handler
                0x0800069e        0x2 build/apm32f10x_int.o
                0x0800069e                BusFault_Handler
 .text.UsageFault_Handler
                0x080006a0        0x2 build/apm32f10x_int.o
                0x080006a0                UsageFault_Handler
 .text.SVC_Handler
                0x080006a2        0x2 build/apm32f10x_int.o
                0x080006a2                SVC_Handler
 .text.DebugMon_Handler
                0x080006a4        0x2 build/apm32f10x_int.o
                0x080006a4                DebugMon_Handler
 .text.PendSV_Handler
                0x080006a6        0x2 build/apm32f10x_int.o
                0x080006a6                PendSV_Handler
 .text.SysTick_Handler
                0x080006a8       0x10 build/apm32f10x_int.o
                0x080006a8                SysTick_Handler
 .text.__io_putchar
                0x080006b8       0x20 build/syscall.o
                0x080006b8                __io_putchar
 .text._write   0x080006d8       0x1c build/syscall.o
                0x080006d8                _write
 .text.Delay    0x080006f4       0x18 build/main.o
                0x080006f4                Delay
 .text.main     0x0800070c       0x8c build/main.o
                0x0800070c                main
 .text.Reset_Handler
                0x08000798       0x48 build/startup_apm32f10x_hd.o
                0x08000798                Reset_Handler
 .text.Default_Handler
                0x080007e0        0x2 build/startup_apm32f10x_hd.o
                0x080007e0                RTC_Alarm_IRQHandler
                0x080007e0                USBDWakeUp_IRQHandler
                0x080007e0                TMR8_BRK_IRQHandler
                0x080007e0                TMR8_UP_IRQHandler
                0x080007e0                PVD_IRQHandler
                0x080007e0                SDIO_IRQHandler
                0x080007e0                CAN2_RX1_IRQHandler
                0x080007e0                EINT2_IRQHandler
                0x080007e0                EINT3_IRQHandler
                0x080007e0                TMR1_BRK_IRQHandler
                0x080007e0                I2C2_EV_IRQHandler
                0x080007e0                TMR1_TRG_COM_IRQHandler
                0x080007e0                TMR1_UP_IRQHandler
                0x080007e0                CAN2_SCE_IRQHandler
                0x080007e0                ADC1_2_IRQHandler
                0x080007e0                SPI1_IRQHandler
                0x080007e0                TAMPER_IRQHandler
                0x080007e0                USBD2_LP_CAN2_RX0_IRQHandler
                0x080007e0                DMA2_Channel2_IRQHandler
                0x080007e0                DMA1_Channel4_IRQHandler
                0x080007e0                USBD_HP_CAN1_TX_IRQHandler
                0x080007e0                USART3_IRQHandler
                0x080007e0                RTC_IRQHandler
                0x080007e0                DMA1_Channel7_IRQHandler
                0x080007e0                CAN1_RX1_IRQHandler
                0x080007e0                UART5_IRQHandler
                0x080007e0                ADC3_IRQHandler
                0x080007e0                DMA2_Channel1_IRQHandler
                0x080007e0                EINT1_IRQHandler
                0x080007e0                I2C1_EV_IRQHandler
                0x080007e0                DMA1_Channel6_IRQHandler
                0x080007e0                UART4_IRQHandler
                0x080007e0                DMA1_Channel1_IRQHandler
                0x080007e0                Default_Handler
                0x080007e0                USBD2_HP_CAN2_TX_IRQHandler
                0x080007e0                TMR5_IRQHandler
                0x080007e0                TMR2_IRQHandler
                0x080007e0                TMR1_CC_IRQHandler
                0x080007e0                USBD_LP_CAN1_RX0_IRQHandler
                0x080007e0                SPI2_IRQHandler
                0x080007e0                EINT9_5_IRQHandler
                0x080007e0                DMA1_Channel5_IRQHandler
                0x080007e0                RCM_IRQHandler
                0x080007e0                EINT4_IRQHandler
                0x080007e0                TMR7_IRQHandler
                0x080007e0                DMA1_Channel3_IRQHandler
                0x080007e0                TMR4_IRQHandler
                0x080007e0                EINT0_IRQHandler
                0x080007e0                FSMC_IRQHandler
                0x080007e0                TMR8_CC_IRQHandler
                0x080007e0                TMR8_TRG_COM_IRQHandler
                0x080007e0                TMR3_IRQHandler
                0x080007e0                DMA2_Channel4_5_IRQHandler
                0x080007e0                USART2_IRQHandler
                0x080007e0                I2C2_ER_IRQHandler
                0x080007e0                DMA1_Channel2_IRQHandler
                0x080007e0                CAN1_SCE_IRQHandler
                0x080007e0                FLASH_IRQHandler
                0x080007e0                USART1_IRQHandler
                0x080007e0                SPI3_IRQHandler
                0x080007e0                EINT15_10_IRQHandler
                0x080007e0                I2C1_ER_IRQHandler
                0x080007e0                TMR6_IRQHandler
                0x080007e0                WWDT_IRQHandler
                0x080007e0                DMA2_Channel3_IRQHandler
 *fill*         0x080007e2        0x2 
 .text.__libc_init_array
                0x080007e4       0x48 d:/program files (x86)/gnu arm embedded toolchain/10 2021.10/bin/../lib/gcc/arm-none-eabi/10.3.1/../../../../arm-none-eabi/lib/thumb/v7-m/nofp\libc_nano.a(lib_a-init.o)
                0x080007e4                __libc_init_array
 .text.memset   0x0800082c       0x10 d:/program files (x86)/gnu arm embedded toolchain/10 2021.10/bin/../lib/gcc/arm-none-eabi/10.3.1/../../../../arm-none-eabi/lib/thumb/v7-m/nofp\libc_nano.a(lib_a-memset.o)
                0x0800082c                memset
 .text._puts_r  0x0800083c       0xdc d:/program files (x86)/gnu arm embedded toolchain/10 2021.10/bin/../lib/gcc/arm-none-eabi/10.3.1/../../../../arm-none-eabi/lib/thumb/v7-m/nofp\libc_nano.a(lib_a-puts.o)
                0x0800083c                _puts_r
 .text.puts     0x08000918       0x10 d:/program files (x86)/gnu arm embedded toolchain/10 2021.10/bin/../lib/gcc/arm-none-eabi/10.3.1/../../../../arm-none-eabi/lib/thumb/v7-m/nofp\libc_nano.a(lib_a-puts.o)
                0x08000918                puts
 .text.__swbuf_r
                0x08000928       0xa4 d:/program files (x86)/gnu arm embedded toolchain/10 2021.10/bin/../lib/gcc/arm-none-eabi/10.3.1/../../../../arm-none-eabi/lib/thumb/v7-m/nofp\libc_nano.a(lib_a-wbuf.o)
                0x08000928                __swbuf_r
 .text.__swsetup_r
                0x080009cc       0xdc d:/program files (x86)/gnu arm embedded toolchain/10 2021.10/bin/../lib/gcc/arm-none-eabi/10.3.1/../../../../arm-none-eabi/lib/thumb/v7-m/nofp\libc_nano.a(lib_a-wsetup.o)
                0x080009cc                __swsetup_r
 .text.__sflush_r
                0x08000aa8      0x104 d:/program files (x86)/gnu arm embedded toolchain/10 2021.10/bin/../lib/gcc/arm-none-eabi/10.3.1/../../../../arm-none-eabi/lib/thumb/v7-m/nofp\libc_nano.a(lib_a-fflush.o)
                0x08000aa8                __sflush_r
 .text._fflush_r
                0x08000bac       0x78 d:/program files (x86)/gnu arm embedded toolchain/10 2021.10/bin/../lib/gcc/arm-none-eabi/10.3.1/../../../../arm-none-eabi/lib/thumb/v7-m/nofp\libc_nano.a(lib_a-fflush.o)
                0x08000bac                _fflush_r
 .text.std      0x08000c24       0x48 d:/program files (x86)/gnu arm embedded toolchain/10 2021.10/bin/../lib/gcc/arm-none-eabi/10.3.1/../../../../arm-none-eabi/lib/thumb/v7-m/nofp\libc_nano.a(lib_a-findfp.o)
 .text._cleanup_r
                0x08000c6c        0xc d:/program files (x86)/gnu arm embedded toolchain/10 2021.10/bin/../lib/gcc/arm-none-eabi/10.3.1/../../../../arm-none-eabi/lib/thumb/v7-m/nofp\libc_nano.a(lib_a-findfp.o)
                0x08000c6c                _cleanup_r
 .text.__sfmoreglue
                0x08000c78       0x2c d:/program files (x86)/gnu arm embedded toolchain/10 2021.10/bin/../lib/gcc/arm-none-eabi/10.3.1/../../../../arm-none-eabi/lib/thumb/v7-m/nofp\libc_nano.a(lib_a-findfp.o)
                0x08000c78                __sfmoreglue
 .text.__sfp_lock_acquire
                0x08000ca4        0xc d:/program files (x86)/gnu arm embedded toolchain/10 2021.10/bin/../lib/gcc/arm-none-eabi/10.3.1/../../../../arm-none-eabi/lib/thumb/v7-m/nofp\libc_nano.a(lib_a-findfp.o)
                0x08000ca4                __sfp_lock_acquire
 .text.__sfp_lock_release
                0x08000cb0        0xc d:/program files (x86)/gnu arm embedded toolchain/10 2021.10/bin/../lib/gcc/arm-none-eabi/10.3.1/../../../../arm-none-eabi/lib/thumb/v7-m/nofp\libc_nano.a(lib_a-findfp.o)
                0x08000cb0                __sfp_lock_release
 .text.__sinit_lock_acquire
                0x08000cbc        0xc d:/program files (x86)/gnu arm embedded toolchain/10 2021.10/bin/../lib/gcc/arm-none-eabi/10.3.1/../../../../arm-none-eabi/lib/thumb/v7-m/nofp\libc_nano.a(lib_a-findfp.o)
                0x08000cbc                __sinit_lock_acquire
 .text.__sinit_lock_release
                0x08000cc8        0xc d:/program files (x86)/gnu arm embedded toolchain/10 2021.10/bin/../lib/gcc/arm-none-eabi/10.3.1/../../../../arm-none-eabi/lib/thumb/v7-m/nofp\libc_nano.a(lib_a-findfp.o)
                0x08000cc8                __sinit_lock_release
 .text.__sinit  0x08000cd4       0x70 d:/program files (x86)/gnu arm embedded toolchain/10 2021.10/bin/../lib/gcc/arm-none-eabi/10.3.1/../../../../arm-none-eabi/lib/thumb/v7-m/nofp\libc_nano.a(lib_a-findfp.o)
                0x08000cd4                __sinit
 .text.__sfp    0x08000d44       0x8c d:/program files (x86)/gnu arm embedded toolchain/10 2021.10/bin/../lib/gcc/arm-none-eabi/10.3.1/../../../../arm-none-eabi/lib/thumb/v7-m/nofp\libc_nano.a(lib_a-findfp.o)
                0x08000d44                __sfp
 .text._fwalk_reent
                0x08000dd0       0x3e d:/program files (x86)/gnu arm embedded toolchain/10 2021.10/bin/../lib/gcc/arm-none-eabi/10.3.1/../../../../arm-none-eabi/lib/thumb/v7-m/nofp\libc_nano.a(lib_a-fwalk.o)
                0x08000dd0                _fwalk_reent
 .text.__retarget_lock_init_recursive
                0x08000e0e        0x2 d:/program files (x86)/gnu arm embedded toolchain/10 2021.10/bin/../lib/gcc/arm-none-eabi/10.3.1/../../../../arm-none-eabi/lib/thumb/v7-m/nofp\libc_nano.a(lib_a-lock.o)
                0x08000e0e                __retarget_lock_init_recursive
 .text.__retarget_lock_acquire_recursive
                0x08000e10        0x2 d:/program files (x86)/gnu arm embedded toolchain/10 2021.10/bin/../lib/gcc/arm-none-eabi/10.3.1/../../../../arm-none-eabi/lib/thumb/v7-m/nofp\libc_nano.a(lib_a-lock.o)
                0x08000e10                __retarget_lock_acquire_recursive
 .text.__retarget_lock_release_recursive
                0x08000e12        0x2 d:/program files (x86)/gnu arm embedded toolchain/10 2021.10/bin/../lib/gcc/arm-none-eabi/10.3.1/../../../../arm-none-eabi/lib/thumb/v7-m/nofp\libc_nano.a(lib_a-lock.o)
                0x08000e12                __retarget_lock_release_recursive
 .text.__swhatbuf_r
                0x08000e14       0x4a d:/program files (x86)/gnu arm embedded toolchain/10 2021.10/bin/../lib/gcc/arm-none-eabi/10.3.1/../../../../arm-none-eabi/lib/thumb/v7-m/nofp\libc_nano.a(lib_a-makebuf.o)
                0x08000e14                __swhatbuf_r
 *fill*         0x08000e5e        0x2 
 .text.__smakebuf_r
                0x08000e60       0x80 d:/program files (x86)/gnu arm embedded toolchain/10 2021.10/bin/../lib/gcc/arm-none-eabi/10.3.1/../../../../arm-none-eabi/lib/thumb/v7-m/nofp\libc_nano.a(lib_a-makebuf.o)
                0x08000e60                __smakebuf_r
 .text._free_r  0x08000ee0       0x90 d:/program files (x86)/gnu arm embedded toolchain/10 2021.10/bin/../lib/gcc/arm-none-eabi/10.3.1/../../../../arm-none-eabi/lib/thumb/v7-m/nofp\libc_nano.a(lib_a-nano-freer.o)
                0x08000ee0                _free_r
 .text.sbrk_aligned
                0x08000f70       0x40 d:/program files (x86)/gnu arm embedded toolchain/10 2021.10/bin/../lib/gcc/arm-none-eabi/10.3.1/../../../../arm-none-eabi/lib/thumb/v7-m/nofp\libc_nano.a(lib_a-nano-mallocr.o)
 .text._malloc_r
                0x08000fb0       0xe8 d:/program files (x86)/gnu arm embedded toolchain/10 2021.10/bin/../lib/gcc/arm-none-eabi/10.3.1/../../../../arm-none-eabi/lib/thumb/v7-m/nofp\libc_nano.a(lib_a-nano-mallocr.o)
                0x08000fb0                _malloc_r
 .text._sbrk_r  0x08001098       0x20 d:/program files (x86)/gnu arm embedded toolchain/10 2021.10/bin/../lib/gcc/arm-none-eabi/10.3.1/../../../../arm-none-eabi/lib/thumb/v7-m/nofp\libc_nano.a(lib_a-sbrkr.o)
                0x08001098                _sbrk_r
 .text.__sread  0x080010b8       0x22 d:/program files (x86)/gnu arm embedded toolchain/10 2021.10/bin/../lib/gcc/arm-none-eabi/10.3.1/../../../../arm-none-eabi/lib/thumb/v7-m/nofp\libc_nano.a(lib_a-stdio.o)
                0x080010b8                __sread
 .text.__swrite
                0x080010da       0x38 d:/program files (x86)/gnu arm embedded toolchain/10 2021.10/bin/../lib/gcc/arm-none-eabi/10.3.1/../../../../arm-none-eabi/lib/thumb/v7-m/nofp\libc_nano.a(lib_a-stdio.o)
                0x080010da                __swrite
 .text.__sseek  0x08001112       0x24 d:/program files (x86)/gnu arm embedded toolchain/10 2021.10/bin/../lib/gcc/arm-none-eabi/10.3.1/../../../../arm-none-eabi/lib/thumb/v7-m/nofp\libc_nano.a(lib_a-stdio.o)
                0x08001112                __sseek
 .text.__sclose
                0x08001136        0x8 d:/program files (x86)/gnu arm embedded toolchain/10 2021.10/bin/../lib/gcc/arm-none-eabi/10.3.1/../../../../arm-none-eabi/lib/thumb/v7-m/nofp\libc_nano.a(lib_a-stdio.o)
                0x08001136                __sclose
 *fill*         0x0800113e        0x2 
 .text._write_r
                0x08001140       0x24 d:/program files (x86)/gnu arm embedded toolchain/10 2021.10/bin/../lib/gcc/arm-none-eabi/10.3.1/../../../../arm-none-eabi/lib/thumb/v7-m/nofp\libc_nano.a(lib_a-writer.o)
                0x08001140                _write_r
 .text._close_r
                0x08001164       0x20 d:/program files (x86)/gnu arm embedded toolchain/10 2021.10/bin/../lib/gcc/arm-none-eabi/10.3.1/../../../../arm-none-eabi/lib/thumb/v7-m/nofp\libc_nano.a(lib_a-closer.o)
                0x08001164                _close_r
 .text._fstat_r
                0x08001184       0x24 d:/program files (x86)/gnu arm embedded toolchain/10 2021.10/bin/../lib/gcc/arm-none-eabi/10.3.1/../../../../arm-none-eabi/lib/thumb/v7-m/nofp\libc_nano.a(lib_a-fstatr.o)
                0x08001184                _fstat_r
 .text._isatty_r
                0x080011a8       0x20 d:/program files (x86)/gnu arm embedded toolchain/10 2021.10/bin/../lib/gcc/arm-none-eabi/10.3.1/../../../../arm-none-eabi/lib/thumb/v7-m/nofp\libc_nano.a(lib_a-isattyr.o)
                0x080011a8                _isatty_r
 .text._lseek_r
                0x080011c8       0x24 d:/program files (x86)/gnu arm embedded toolchain/10 2021.10/bin/../lib/gcc/arm-none-eabi/10.3.1/../../../../arm-none-eabi/lib/thumb/v7-m/nofp\libc_nano.a(lib_a-lseekr.o)
                0x080011c8                _lseek_r
 .text.__malloc_lock
                0x080011ec        0xc d:/program files (x86)/gnu arm embedded toolchain/10 2021.10/bin/../lib/gcc/arm-none-eabi/10.3.1/../../../../arm-none-eabi/lib/thumb/v7-m/nofp\libc_nano.a(lib_a-mlock.o)
                0x080011ec                __malloc_lock
 .text.__malloc_unlock
                0x080011f8        0xc d:/program files (x86)/gnu arm embedded toolchain/10 2021.10/bin/../lib/gcc/arm-none-eabi/10.3.1/../../../../arm-none-eabi/lib/thumb/v7-m/nofp\libc_nano.a(lib_a-mlock.o)
                0x080011f8                __malloc_unlock
 .text._read_r  0x08001204       0x24 d:/program files (x86)/gnu arm embedded toolchain/10 2021.10/bin/../lib/gcc/arm-none-eabi/10.3.1/../../../../arm-none-eabi/lib/thumb/v7-m/nofp\libc_nano.a(lib_a-readr.o)
                0x08001204                _read_r
 .text._close   0x08001228       0x10 d:/program files (x86)/gnu arm embedded toolchain/10 2021.10/bin/../lib/gcc/arm-none-eabi/10.3.1/../../../../arm-none-eabi/lib/thumb/v7-m/nofp\libnosys.a(close.o)
                0x08001228                _close
 .text._fstat   0x08001238       0x10 d:/program files (x86)/gnu arm embedded toolchain/10 2021.10/bin/../lib/gcc/arm-none-eabi/10.3.1/../../../../arm-none-eabi/lib/thumb/v7-m/nofp\libnosys.a(fstat.o)
                0x08001238                _fstat
 .text._isatty  0x08001248       0x10 d:/program files (x86)/gnu arm embedded toolchain/10 2021.10/bin/../lib/gcc/arm-none-eabi/10.3.1/../../../../arm-none-eabi/lib/thumb/v7-m/nofp\libnosys.a(isatty.o)
                0x08001248                _isatty
 .text._lseek   0x08001258       0x10 d:/program files (x86)/gnu arm embedded toolchain/10 2021.10/bin/../lib/gcc/arm-none-eabi/10.3.1/../../../../arm-none-eabi/lib/thumb/v7-m/nofp\libnosys.a(lseek.o)
                0x08001258                _lseek
 .text._read    0x08001268       0x10 d:/program files (x86)/gnu arm embedded toolchain/10 2021.10/bin/../lib/gcc/arm-none-eabi/10.3.1/../../../../arm-none-eabi/lib/thumb/v7-m/nofp\libnosys.a(read.o)
                0x08001268                _read
 .text._sbrk    0x08001278       0x1c d:/program files (x86)/gnu arm embedded toolchain/10 2021.10/bin/../lib/gcc/arm-none-eabi/10.3.1/../../../../arm-none-eabi/lib/thumb/v7-m/nofp\libnosys.a(sbrk.o)
                0x08001278                _sbrk
 *(.glue_7)
 .glue_7        0x08001294        0x0 linker stubs
 *(.glue_7t)
 .glue_7t       0x08001294        0x0 linker stubs
 *(.eh_frame)
 .eh_frame      0x08001294        0x0 d:/program files (x86)/gnu arm embedded toolchain/10 2021.10/bin/../lib/gcc/arm-none-eabi/10.3.1/thumb/v7-m/nofp/crtbegin.o
 *(.init)
 .init          0x08001294        0x4 d:/program files (x86)/gnu arm embedded toolchain/10 2021.10/bin/../lib/gcc/arm-none-eabi/10.3.1/thumb/v7-m/nofp/crti.o
                0x08001294                _init
 .init          0x08001298        0x8 d:/program files (x86)/gnu arm embedded toolchain/10 2021.10/bin/../lib/gcc/arm-none-eabi/10.3.1/thumb/v7-m/nofp/crtn.o
 *(.fini)
 .fini          0x080012a0        0x4 d:/program files (x86)/gnu arm embedded toolchain/10 2021.10/bin/../lib/gcc/arm-none-eabi/10.3.1/thumb/v7-m/nofp/crti.o
                0x080012a0                _fini
 .fini          0x080012a4        0x8 d:/program files (x86)/gnu arm embedded toolchain/10 2021.10/bin/../lib/gcc/arm-none-eabi/10.3.1/thumb/v7-m/nofp/crtn.o
                0x080012ac                . = ALIGN (0x4)
                0x080012ac                _etext = .

.vfp11_veneer   0x080012ac        0x0
 .vfp11_veneer  0x080012ac        0x0 linker stubs

.v4_bx          0x080012ac        0x0
 .v4_bx         0x080012ac        0x0 linker stubs

.iplt           0x080012ac        0x0
 .iplt          0x080012ac        0x0 d:/program files (x86)/gnu arm embedded toolchain/10 2021.10/bin/../lib/gcc/arm-none-eabi/10.3.1/thumb/v7-m/nofp/crtbegin.o

.rodata         0x080012ac       0xc4
                0x080012ac                . = ALIGN (0x4)
 *(.rodata)
 .rodata        0x080012ac       0x18 build/apm32f10x_rcm.o
 *(.rodata*)
 .rodata.COM_RX_PIN
                0x080012c4        0x4 build/Board.o
                0x080012c4                COM_RX_PIN
 .rodata.COM_RX_PORT_CLK
                0x080012c8        0x8 build/Board.o
                0x080012c8                COM_RX_PORT_CLK
 .rodata.COM_TX_PIN
                0x080012d0        0x4 build/Board.o
                0x080012d0                COM_TX_PIN
 .rodata.COM_TX_PORT_CLK
                0x080012d4        0x8 build/Board.o
                0x080012d4                COM_TX_PORT_CLK
 .rodata.COM_USART_CLK
                0x080012dc        0x8 build/Board.o
                0x080012dc                COM_USART_CLK
 .rodata.GPIO_CLK
                0x080012e4        0x8 build/Board.o
                0x080012e4                GPIO_CLK
 .rodata.GPIO_PIN
                0x080012ec        0x4 build/Board.o
                0x080012ec                GPIO_PIN
 .rodata.main.str1.4
                0x080012f0       0x1b build/main.o
 *fill*         0x0800130b        0x1 
 .rodata._global_impure_ptr
                0x0800130c        0x4 d:/program files (x86)/gnu arm embedded toolchain/10 2021.10/bin/../lib/gcc/arm-none-eabi/10.3.1/../../../../arm-none-eabi/lib/thumb/v7-m/nofp\libc_nano.a(lib_a-impure.o)
                0x0800130c                _global_impure_ptr
 .rodata.__sf_fake_stderr
                0x08001310       0x20 d:/program files (x86)/gnu arm embedded toolchain/10 2021.10/bin/../lib/gcc/arm-none-eabi/10.3.1/../../../../arm-none-eabi/lib/thumb/v7-m/nofp\libc_nano.a(lib_a-findfp.o)
                0x08001310                __sf_fake_stderr
 .rodata.__sf_fake_stdin
                0x08001330       0x20 d:/program files (x86)/gnu arm embedded toolchain/10 2021.10/bin/../lib/gcc/arm-none-eabi/10.3.1/../../../../arm-none-eabi/lib/thumb/v7-m/nofp\libc_nano.a(lib_a-findfp.o)
                0x08001330                __sf_fake_stdin
 .rodata.__sf_fake_stdout
                0x08001350       0x20 d:/program files (x86)/gnu arm embedded toolchain/10 2021.10/bin/../lib/gcc/arm-none-eabi/10.3.1/../../../../arm-none-eabi/lib/thumb/v7-m/nofp\libc_nano.a(lib_a-findfp.o)
                0x08001350                __sf_fake_stdout
                0x08001370                . = ALIGN (0x4)

.rel.dyn        0x08001370        0x0
 .rel.iplt      0x08001370        0x0 d:/program files (x86)/gnu arm embedded toolchain/10 2021.10/bin/../lib/gcc/arm-none-eabi/10.3.1/thumb/v7-m/nofp/crtbegin.o

.ARM.extab
 *(.ARM.extab* .gnu.linkonce.armextab.*)

.ARM            0x08001370        0x0
                0x08001370                __exidx_start = .
 *(.ARM.exidx*)
                0x08001370                __exidx_end = .

.preinit_array  0x08001370        0x0
                0x08001370                PROVIDE (__preinit_array_start = .)
 *(.preinit_array*)
                0x08001370                PROVIDE (__preinit_array_end = .)

.init_array     0x08001370        0x4
                0x08001370                PROVIDE (__init_array_start = .)
 *(SORT_BY_NAME(.init_array.*))
 *(.init_array*)
 .init_array    0x08001370        0x4 d:/program files (x86)/gnu arm embedded toolchain/10 2021.10/bin/../lib/gcc/arm-none-eabi/10.3.1/thumb/v7-m/nofp/crtbegin.o
                0x08001374                PROVIDE (__init_array_end = .)

.fini_array     0x08001374        0x4
                [!provide]                PROVIDE (__fini_array_start = .)
 *(SORT_BY_NAME(.fini_array.*))
 *(.fini_array*)
 .fini_array    0x08001374        0x4 d:/program files (x86)/gnu arm embedded toolchain/10 2021.10/bin/../lib/gcc/arm-none-eabi/10.3.1/thumb/v7-m/nofp/crtbegin.o
                [!provide]                PROVIDE (__fini_array_end = .)
                0x08001378                _sidata = LOADADDR (.data)

.data           0x20000000       0x88 load address 0x08001378
                0x20000000                . = ALIGN (0x4)
                0x20000000                _sdata = .
 *(.data)
 *(.data*)
 .data.COM_RX_PORT
                0x20000000        0x8 build/Board.o
                0x20000000                COM_RX_PORT
 .data.COM_TX_PORT
                0x20000008        0x8 build/Board.o
                0x20000008                COM_TX_PORT
 .data.COM_USART
                0x20000010        0x8 build/Board.o
                0x20000010                COM_USART
 .data.GPIO_PORT
                0x20000018        0x8 build/Board.o
                0x20000018                GPIO_PORT
 .data.SystemCoreClock
                0x20000020        0x4 build/system_apm32f10x.o
                0x20000020                SystemCoreClock
 .data._impure_ptr
                0x20000024        0x4 d:/program files (x86)/gnu arm embedded toolchain/10 2021.10/bin/../lib/gcc/arm-none-eabi/10.3.1/../../../../arm-none-eabi/lib/thumb/v7-m/nofp\libc_nano.a(lib_a-impure.o)
                0x20000024                _impure_ptr
 .data.impure_data
                0x20000028       0x60 d:/program files (x86)/gnu arm embedded toolchain/10 2021.10/bin/../lib/gcc/arm-none-eabi/10.3.1/../../../../arm-none-eabi/lib/thumb/v7-m/nofp\libc_nano.a(lib_a-impure.o)
                0x20000088                . = ALIGN (0x4)
                0x20000088                _edata = .

.igot.plt       0x20000088        0x0 load address 0x08001400
 .igot.plt      0x20000088        0x0 d:/program files (x86)/gnu arm embedded toolchain/10 2021.10/bin/../lib/gcc/arm-none-eabi/10.3.1/thumb/v7-m/nofp/crtbegin.o
                0x20000088                . = ALIGN (0x4)

.bss            0x20000088       0x34 load address 0x08001400
                0x20000088                _sbss = .
                0x20000088                __bss_start__ = _sbss
 *(.bss)
 .bss           0x20000088       0x1c d:/program files (x86)/gnu arm embedded toolchain/10 2021.10/bin/../lib/gcc/arm-none-eabi/10.3.1/thumb/v7-m/nofp/crtbegin.o
 *(.bss*)
 .bss.tick      0x200000a4        0x4 build/main.o
                0x200000a4                tick
 .bss.__lock___malloc_recursive_mutex
                0x200000a8        0x1 d:/program files (x86)/gnu arm embedded toolchain/10 2021.10/bin/../lib/gcc/arm-none-eabi/10.3.1/../../../../arm-none-eabi/lib/thumb/v7-m/nofp\libc_nano.a(lib_a-lock.o)
                0x200000a8                __lock___malloc_recursive_mutex
 .bss.__lock___sfp_recursive_mutex
                0x200000a9        0x1 d:/program files (x86)/gnu arm embedded toolchain/10 2021.10/bin/../lib/gcc/arm-none-eabi/10.3.1/../../../../arm-none-eabi/lib/thumb/v7-m/nofp\libc_nano.a(lib_a-lock.o)
                0x200000a9                __lock___sfp_recursive_mutex
 .bss.__lock___sinit_recursive_mutex
                0x200000aa        0x1 d:/program files (x86)/gnu arm embedded toolchain/10 2021.10/bin/../lib/gcc/arm-none-eabi/10.3.1/../../../../arm-none-eabi/lib/thumb/v7-m/nofp\libc_nano.a(lib_a-lock.o)
                0x200000aa                __lock___sinit_recursive_mutex
 *fill*         0x200000ab        0x1 
 .bss.__malloc_free_list
                0x200000ac        0x4 d:/program files (x86)/gnu arm embedded toolchain/10 2021.10/bin/../lib/gcc/arm-none-eabi/10.3.1/../../../../arm-none-eabi/lib/thumb/v7-m/nofp\libc_nano.a(lib_a-nano-mallocr.o)
                0x200000ac                __malloc_free_list
 .bss.__malloc_sbrk_start
                0x200000b0        0x4 d:/program files (x86)/gnu arm embedded toolchain/10 2021.10/bin/../lib/gcc/arm-none-eabi/10.3.1/../../../../arm-none-eabi/lib/thumb/v7-m/nofp\libc_nano.a(lib_a-nano-mallocr.o)
                0x200000b0                __malloc_sbrk_start
 .bss.errno     0x200000b4        0x4 d:/program files (x86)/gnu arm embedded toolchain/10 2021.10/bin/../lib/gcc/arm-none-eabi/10.3.1/../../../../arm-none-eabi/lib/thumb/v7-m/nofp\libc_nano.a(lib_a-reent.o)
                0x200000b4                errno
 .bss.heap_end.0
                0x200000b8        0x4 d:/program files (x86)/gnu arm embedded toolchain/10 2021.10/bin/../lib/gcc/arm-none-eabi/10.3.1/../../../../arm-none-eabi/lib/thumb/v7-m/nofp\libnosys.a(sbrk.o)
 *(COMMON)
                0x200000bc                . = ALIGN (0x4)
                0x200000bc                _ebss = .
                0x200000bc                __bss_end__ = _ebss

._user_heap_stack
                0x200000bc      0x604 load address 0x08001400
                0x200000c0                . = ALIGN (0x8)
 *fill*         0x200000bc        0x4 
                0x200000c0                PROVIDE (end = .)
                [!provide]                PROVIDE (_end = .)
                0x200002c0                . = (. + _Min_Heap_Size)
 *fill*         0x200000c0      0x200 
                0x200006c0                . = (. + _Min_Stack_Size)
 *fill*         0x200002c0      0x400 
                0x200006c0                . = ALIGN (0x8)

/DISCARD/
 libc.a(*)
 libm.a(*)
 libgcc.a(*)

.ARM.attributes
                0x00000000       0x29
 *(.ARM.attributes)
 .ARM.attributes
                0x00000000       0x1d d:/program files (x86)/gnu arm embedded toolchain/10 2021.10/bin/../lib/gcc/arm-none-eabi/10.3.1/thumb/v7-m/nofp/crti.o
 .ARM.attributes
                0x0000001d       0x2d d:/program files (x86)/gnu arm embedded toolchain/10 2021.10/bin/../lib/gcc/arm-none-eabi/10.3.1/thumb/v7-m/nofp/crtbegin.o
 .ARM.attributes
                0x0000004a       0x2d build/Board.o
 .ARM.attributes
                0x00000077       0x2d build/apm32f10x_gpio.o
 .ARM.attributes
                0x000000a4       0x2d build/apm32f10x_rcm.o
 .ARM.attributes
                0x000000d1       0x2d build/apm32f10x_usart.o
 .ARM.attributes
                0x000000fe       0x2d build/system_apm32f10x.o
 .ARM.attributes
                0x0000012b       0x2d build/apm32f10x_int.o
 .ARM.attributes
                0x00000158       0x2d build/syscall.o
 .ARM.attributes
                0x00000185       0x2d build/main.o
 .ARM.attributes
                0x000001b2       0x21 build/startup_apm32f10x_hd.o
 .ARM.attributes
                0x000001d3       0x2d d:/program files (x86)/gnu arm embedded toolchain/10 2021.10/bin/../lib/gcc/arm-none-eabi/10.3.1/../../../../arm-none-eabi/lib/thumb/v7-m/nofp\libc_nano.a(lib_a-impure.o)
 .ARM.attributes
                0x00000200       0x2d d:/program files (x86)/gnu arm embedded toolchain/10 2021.10/bin/../lib/gcc/arm-none-eabi/10.3.1/../../../../arm-none-eabi/lib/thumb/v7-m/nofp\libc_nano.a(lib_a-init.o)
 .ARM.attributes
                0x0000022d       0x2d d:/program files (x86)/gnu arm embedded toolchain/10 2021.10/bin/../lib/gcc/arm-none-eabi/10.3.1/../../../../arm-none-eabi/lib/thumb/v7-m/nofp\libc_nano.a(lib_a-memset.o)
 .ARM.attributes
                0x0000025a       0x2d d:/program files (x86)/gnu arm embedded toolchain/10 2021.10/bin/../lib/gcc/arm-none-eabi/10.3.1/../../../../arm-none-eabi/lib/thumb/v7-m/nofp\libc_nano.a(lib_a-puts.o)
 .ARM.attributes
                0x00000287       0x2d d:/program files (x86)/gnu arm embedded toolchain/10 2021.10/bin/../lib/gcc/arm-none-eabi/10.3.1/../../../../arm-none-eabi/lib/thumb/v7-m/nofp\libc_nano.a(lib_a-wbuf.o)
 .ARM.attributes
                0x000002b4       0x2d d:/program files (x86)/gnu arm embedded toolchain/10 2021.10/bin/../lib/gcc/arm-none-eabi/10.3.1/../../../../arm-none-eabi/lib/thumb/v7-m/nofp\libc_nano.a(lib_a-wsetup.o)
 .ARM.attributes
                0x000002e1       0x2d d:/program files (x86)/gnu arm embedded toolchain/10 2021.10/bin/../lib/gcc/arm-none-eabi/10.3.1/../../../../arm-none-eabi/lib/thumb/v7-m/nofp\libc_nano.a(lib_a-fflush.o)
 .ARM.attributes
                0x0000030e       0x2d d:/program files (x86)/gnu arm embedded toolchain/10 2021.10/bin/../lib/gcc/arm-none-eabi/10.3.1/../../../../arm-none-eabi/lib/thumb/v7-m/nofp\libc_nano.a(lib_a-findfp.o)
 .ARM.attributes
                0x0000033b       0x2d d:/program files (x86)/gnu arm embedded toolchain/10 2021.10/bin/../lib/gcc/arm-none-eabi/10.3.1/../../../../arm-none-eabi/lib/thumb/v7-m/nofp\libc_nano.a(lib_a-fwalk.o)
 .ARM.attributes
                0x00000368       0x2d d:/program files (x86)/gnu arm embedded toolchain/10 2021.10/bin/../lib/gcc/arm-none-eabi/10.3.1/../../../../arm-none-eabi/lib/thumb/v7-m/nofp\libc_nano.a(lib_a-lock.o)
 .ARM.attributes
                0x00000395       0x2d d:/program files (x86)/gnu arm embedded toolchain/10 2021.10/bin/../lib/gcc/arm-none-eabi/10.3.1/../../../../arm-none-eabi/lib/thumb/v7-m/nofp\libc_nano.a(lib_a-makebuf.o)
 .ARM.attributes
                0x000003c2       0x2d d:/program files (x86)/gnu arm embedded toolchain/10 2021.10/bin/../lib/gcc/arm-none-eabi/10.3.1/../../../../arm-none-eabi/lib/thumb/v7-m/nofp\libc_nano.a(lib_a-nano-freer.o)
 .ARM.attributes
                0x000003ef       0x2d d:/program files (x86)/gnu arm embedded toolchain/10 2021.10/bin/../lib/gcc/arm-none-eabi/10.3.1/../../../../arm-none-eabi/lib/thumb/v7-m/nofp\libc_nano.a(lib_a-nano-mallocr.o)
 .ARM.attributes
                0x0000041c       0x2d d:/program files (x86)/gnu arm embedded toolchain/10 2021.10/bin/../lib/gcc/arm-none-eabi/10.3.1/../../../../arm-none-eabi/lib/thumb/v7-m/nofp\libc_nano.a(lib_a-sbrkr.o)
 .ARM.attributes
                0x00000449       0x2d d:/program files (x86)/gnu arm embedded toolchain/10 2021.10/bin/../lib/gcc/arm-none-eabi/10.3.1/../../../../arm-none-eabi/lib/thumb/v7-m/nofp\libc_nano.a(lib_a-stdio.o)
 .ARM.attributes
                0x00000476       0x2d d:/program files (x86)/gnu arm embedded toolchain/10 2021.10/bin/../lib/gcc/arm-none-eabi/10.3.1/../../../../arm-none-eabi/lib/thumb/v7-m/nofp\libc_nano.a(lib_a-writer.o)
 .ARM.attributes
                0x000004a3       0x2d d:/program files (x86)/gnu arm embedded toolchain/10 2021.10/bin/../lib/gcc/arm-none-eabi/10.3.1/../../../../arm-none-eabi/lib/thumb/v7-m/nofp\libc_nano.a(lib_a-closer.o)
 .ARM.attributes
                0x000004d0       0x2d d:/program files (x86)/gnu arm embedded toolchain/10 2021.10/bin/../lib/gcc/arm-none-eabi/10.3.1/../../../../arm-none-eabi/lib/thumb/v7-m/nofp\libc_nano.a(lib_a-fstatr.o)
 .ARM.attributes
                0x000004fd       0x2d d:/program files (x86)/gnu arm embedded toolchain/10 2021.10/bin/../lib/gcc/arm-none-eabi/10.3.1/../../../../arm-none-eabi/lib/thumb/v7-m/nofp\libc_nano.a(lib_a-isattyr.o)
 .ARM.attributes
                0x0000052a       0x2d d:/program files (x86)/gnu arm embedded toolchain/10 2021.10/bin/../lib/gcc/arm-none-eabi/10.3.1/../../../../arm-none-eabi/lib/thumb/v7-m/nofp\libc_nano.a(lib_a-lseekr.o)
 .ARM.attributes
                0x00000557       0x2d d:/program files (x86)/gnu arm embedded toolchain/10 2021.10/bin/../lib/gcc/arm-none-eabi/10.3.1/../../../../arm-none-eabi/lib/thumb/v7-m/nofp\libc_nano.a(lib_a-mlock.o)
 .ARM.attributes
                0x00000584       0x2d d:/program files (x86)/gnu arm embedded toolchain/10 2021.10/bin/../lib/gcc/arm-none-eabi/10.3.1/../../../../arm-none-eabi/lib/thumb/v7-m/nofp\libc_nano.a(lib_a-readr.o)
 .ARM.attributes
                0x000005b1       0x2d d:/program files (x86)/gnu arm embedded toolchain/10 2021.10/bin/../lib/gcc/arm-none-eabi/10.3.1/../../../../arm-none-eabi/lib/thumb/v7-m/nofp\libc_nano.a(lib_a-reent.o)
 .ARM.attributes
                0x000005de       0x2d d:/program files (x86)/gnu arm embedded toolchain/10 2021.10/bin/../lib/gcc/arm-none-eabi/10.3.1/../../../../arm-none-eabi/lib/thumb/v7-m/nofp\libnosys.a(close.o)
 .ARM.attributes
                0x0000060b       0x2d d:/program files (x86)/gnu arm embedded toolchain/10 2021.10/bin/../lib/gcc/arm-none-eabi/10.3.1/../../../../arm-none-eabi/lib/thumb/v7-m/nofp\libnosys.a(fstat.o)
 .ARM.attributes
                0x00000638       0x2d d:/program files (x86)/gnu arm embedded toolchain/10 2021.10/bin/../lib/gcc/arm-none-eabi/10.3.1/../../../../arm-none-eabi/lib/thumb/v7-m/nofp\libnosys.a(isatty.o)
 .ARM.attributes
                0x00000665       0x2d d:/program files (x86)/gnu arm embedded toolchain/10 2021.10/bin/../lib/gcc/arm-none-eabi/10.3.1/../../../../arm-none-eabi/lib/thumb/v7-m/nofp\libnosys.a(lseek.o)
 .ARM.attributes
                0x00000692       0x2d d:/program files (x86)/gnu arm embedded toolchain/10 2021.10/bin/../lib/gcc/arm-none-eabi/10.3.1/../../../../arm-none-eabi/lib/thumb/v7-m/nofp\libnosys.a(read.o)
 .ARM.attributes
                0x000006bf       0x2d d:/program files (x86)/gnu arm embedded toolchain/10 2021.10/bin/../lib/gcc/arm-none-eabi/10.3.1/../../../../arm-none-eabi/lib/thumb/v7-m/nofp\libnosys.a(sbrk.o)
 .ARM.attributes
                0x000006ec       0x1d d:/program files (x86)/gnu arm embedded toolchain/10 2021.10/bin/../lib/gcc/arm-none-eabi/10.3.1/thumb/v7-m/nofp/crtn.o
OUTPUT(build/SysTick_TimeBase.elf elf32-littlearm)
LOAD linker stubs
LOAD d:/program files (x86)/gnu arm embedded toolchain/10 2021.10/bin/../lib/gcc/arm-none-eabi/10.3.1/../../../../arm-none-eabi/lib/thumb/v7-m/nofp\libc.a
LOAD d:/program files (x86)/gnu arm embedded toolchain/10 2021.10/bin/../lib/gcc/arm-none-eabi/10.3.1/../../../../arm-none-eabi/lib/thumb/v7-m/nofp\libm.a
LOAD d:/program files (x86)/gnu arm embedded toolchain/10 2021.10/bin/../lib/gcc/arm-none-eabi/10.3.1/thumb/v7-m/nofp\libgcc.a

.debug_info     0x00000000     0x96b2
 .debug_info    0x00000000     0x200a build/Board.o
 .debug_info    0x0000200a     0x1aa1 build/apm32f10x_gpio.o
 .debug_info    0x00003aab     0x1bb5 build/apm32f10x_rcm.o
 .debug_info    0x00005660     0x15cb build/apm32f10x_usart.o
 .debug_info    0x00006c2b     0x1711 build/system_apm32f10x.o
 .debug_info    0x0000833c      0x161 build/apm32f10x_int.o
 .debug_info    0x0000849d      0x813 build/syscall.o
 .debug_info    0x00008cb0      0x9e0 build/main.o
 .debug_info    0x00009690       0x22 build/startup_apm32f10x_hd.o

.debug_abbrev   0x00000000     0x11a5
 .debug_abbrev  0x00000000      0x280 build/Board.o
 .debug_abbrev  0x00000280      0x302 build/apm32f10x_gpio.o
 .debug_abbrev  0x00000582      0x2db build/apm32f10x_rcm.o
 .debug_abbrev  0x0000085d      0x27f build/apm32f10x_usart.o
 .debug_abbrev  0x00000adc      0x1f7 build/system_apm32f10x.o
 .debug_abbrev  0x00000cd3       0x6f build/apm32f10x_int.o
 .debug_abbrev  0x00000d42      0x1d5 build/syscall.o
 .debug_abbrev  0x00000f17      0x27c build/main.o
 .debug_abbrev  0x00001193       0x12 build/startup_apm32f10x_hd.o

.debug_loc      0x00000000     0x117a
 .debug_loc     0x00000000      0x1bb build/Board.o
 .debug_loc     0x000001bb      0x490 build/apm32f10x_gpio.o
 .debug_loc     0x0000064b      0x3ad build/apm32f10x_rcm.o
 .debug_loc     0x000009f8      0x4ec build/apm32f10x_usart.o
 .debug_loc     0x00000ee4       0xf0 build/system_apm32f10x.o
 .debug_loc     0x00000fd4      0x117 build/syscall.o
 .debug_loc     0x000010eb       0x8f build/main.o

.debug_aranges  0x00000000      0x4f8
 .debug_aranges
                0x00000000       0x50 build/Board.o
 .debug_aranges
                0x00000050       0xa8 build/apm32f10x_gpio.o
 .debug_aranges
                0x000000f8      0x198 build/apm32f10x_rcm.o
 .debug_aranges
                0x00000290      0x158 build/apm32f10x_usart.o
 .debug_aranges
                0x000003e8       0x38 build/system_apm32f10x.o
 .debug_aranges
                0x00000420       0x60 build/apm32f10x_int.o
 .debug_aranges
                0x00000480       0x28 build/syscall.o
 .debug_aranges
                0x000004a8       0x28 build/main.o
 .debug_aranges
                0x000004d0       0x28 build/startup_apm32f10x_hd.o

.debug_ranges   0x00000000      0x470
 .debug_ranges  0x00000000       0x40 build/Board.o
 .debug_ranges  0x00000040       0x98 build/apm32f10x_gpio.o
 .debug_ranges  0x000000d8      0x188 build/apm32f10x_rcm.o
 .debug_ranges  0x00000260      0x148 build/apm32f10x_usart.o
 .debug_ranges  0x000003a8       0x28 build/system_apm32f10x.o
 .debug_ranges  0x000003d0       0x50 build/apm32f10x_int.o
 .debug_ranges  0x00000420       0x18 build/syscall.o
 .debug_ranges  0x00000438       0x18 build/main.o
 .debug_ranges  0x00000450       0x20 build/startup_apm32f10x_hd.o

.debug_line     0x00000000     0x26f1
 .debug_line    0x00000000      0x390 build/Board.o
 .debug_line    0x00000390      0x70c build/apm32f10x_gpio.o
 .debug_line    0x00000a9c      0x8d1 build/apm32f10x_rcm.o
 .debug_line    0x0000136d      0x869 build/apm32f10x_usart.o
 .debug_line    0x00001bd6      0x39f build/system_apm32f10x.o
 .debug_line    0x00001f75      0x216 build/apm32f10x_int.o
 .debug_line    0x0000218b      0x208 build/syscall.o
 .debug_line    0x00002393      0x2e9 build/main.o
 .debug_line    0x0000267c       0x75 build/startup_apm32f10x_hd.o

.debug_str      0x00000000     0x33c7
 .debug_str     0x00000000     0x15f7 build/Board.o
                               0x1698 (size before relaxing)
 .debug_str     0x000015f7      0x7cb build/apm32f10x_gpio.o
                               0x1102 (size before relaxing)
 .debug_str     0x00001dc2      0xbfb build/apm32f10x_rcm.o
                                0xeb9 (size before relaxing)
 .debug_str     0x000029bd      0x6c0 build/apm32f10x_usart.o
                                0xf60 (size before relaxing)
 .debug_str     0x0000307d      0x186 build/system_apm32f10x.o
                                0x6a1 (size before relaxing)
 .debug_str     0x00003203       0xac build/apm32f10x_int.o
                                0x1f3 (size before relaxing)
 .debug_str     0x000032af       0x2d build/syscall.o
                                0x3e4 (size before relaxing)
 .debug_str     0x000032dc       0xc6 build/main.o
                                0x90b (size before relaxing)
 .debug_str     0x000033a2       0x25 build/startup_apm32f10x_hd.o
                                 0x45 (size before relaxing)

.comment        0x00000000       0x49
 .comment       0x00000000       0x49 build/Board.o
                                 0x4a (size before relaxing)
 .comment       0x00000049       0x4a build/apm32f10x_gpio.o
 .comment       0x00000049       0x4a build/apm32f10x_rcm.o
 .comment       0x00000049       0x4a build/apm32f10x_usart.o
 .comment       0x00000049       0x4a build/system_apm32f10x.o
 .comment       0x00000049       0x4a build/apm32f10x_int.o
 .comment       0x00000049       0x4a build/syscall.o
 .comment       0x00000049       0x4a build/main.o

.debug_frame    0x00000000     0x111c
 .debug_frame   0x00000000       0xc4 build/Board.o
 .debug_frame   0x000000c4      0x158 build/apm32f10x_gpio.o
 .debug_frame   0x0000021c      0x340 build/apm32f10x_rcm.o
 .debug_frame   0x0000055c      0x2ac build/apm32f10x_usart.o
 .debug_frame   0x00000808       0x74 build/system_apm32f10x.o
 .debug_frame   0x0000087c       0xa0 build/apm32f10x_int.o
 .debug_frame   0x0000091c       0x44 build/syscall.o
 .debug_frame   0x00000960       0x38 build/main.o
 .debug_frame   0x00000998       0x2c d:/program files (x86)/gnu arm embedded toolchain/10 2021.10/bin/../lib/gcc/arm-none-eabi/10.3.1/../../../../arm-none-eabi/lib/thumb/v7-m/nofp\libc_nano.a(lib_a-init.o)
 .debug_frame   0x000009c4       0x20 d:/program files (x86)/gnu arm embedded toolchain/10 2021.10/bin/../lib/gcc/arm-none-eabi/10.3.1/../../../../arm-none-eabi/lib/thumb/v7-m/nofp\libc_nano.a(lib_a-memset.o)
 .debug_frame   0x000009e4       0x3c d:/program files (x86)/gnu arm embedded toolchain/10 2021.10/bin/../lib/gcc/arm-none-eabi/10.3.1/../../../../arm-none-eabi/lib/thumb/v7-m/nofp\libc_nano.a(lib_a-puts.o)
 .debug_frame   0x00000a20       0x40 d:/program files (x86)/gnu arm embedded toolchain/10 2021.10/bin/../lib/gcc/arm-none-eabi/10.3.1/../../../../arm-none-eabi/lib/thumb/v7-m/nofp\libc_nano.a(lib_a-wbuf.o)
 .debug_frame   0x00000a60       0x2c d:/program files (x86)/gnu arm embedded toolchain/10 2021.10/bin/../lib/gcc/arm-none-eabi/10.3.1/../../../../arm-none-eabi/lib/thumb/v7-m/nofp\libc_nano.a(lib_a-wsetup.o)
 .debug_frame   0x00000a8c       0x5c d:/program files (x86)/gnu arm embedded toolchain/10 2021.10/bin/../lib/gcc/arm-none-eabi/10.3.1/../../../../arm-none-eabi/lib/thumb/v7-m/nofp\libc_nano.a(lib_a-fflush.o)
 .debug_frame   0x00000ae8      0x14c d:/program files (x86)/gnu arm embedded toolchain/10 2021.10/bin/../lib/gcc/arm-none-eabi/10.3.1/../../../../arm-none-eabi/lib/thumb/v7-m/nofp\libc_nano.a(lib_a-findfp.o)
 .debug_frame   0x00000c34       0x54 d:/program files (x86)/gnu arm embedded toolchain/10 2021.10/bin/../lib/gcc/arm-none-eabi/10.3.1/../../../../arm-none-eabi/lib/thumb/v7-m/nofp\libc_nano.a(lib_a-fwalk.o)
 .debug_frame   0x00000c88       0xb0 d:/program files (x86)/gnu arm embedded toolchain/10 2021.10/bin/../lib/gcc/arm-none-eabi/10.3.1/../../../../arm-none-eabi/lib/thumb/v7-m/nofp\libc_nano.a(lib_a-lock.o)
 .debug_frame   0x00000d38       0x58 d:/program files (x86)/gnu arm embedded toolchain/10 2021.10/bin/../lib/gcc/arm-none-eabi/10.3.1/../../../../arm-none-eabi/lib/thumb/v7-m/nofp\libc_nano.a(lib_a-makebuf.o)
 .debug_frame   0x00000d90       0x38 d:/program files (x86)/gnu arm embedded toolchain/10 2021.10/bin/../lib/gcc/arm-none-eabi/10.3.1/../../../../arm-none-eabi/lib/thumb/v7-m/nofp\libc_nano.a(lib_a-nano-freer.o)
 .debug_frame   0x00000dc8       0x4c d:/program files (x86)/gnu arm embedded toolchain/10 2021.10/bin/../lib/gcc/arm-none-eabi/10.3.1/../../../../arm-none-eabi/lib/thumb/v7-m/nofp\libc_nano.a(lib_a-nano-mallocr.o)
 .debug_frame   0x00000e14       0x2c d:/program files (x86)/gnu arm embedded toolchain/10 2021.10/bin/../lib/gcc/arm-none-eabi/10.3.1/../../../../arm-none-eabi/lib/thumb/v7-m/nofp\libc_nano.a(lib_a-sbrkr.o)
 .debug_frame   0x00000e40       0x88 d:/program files (x86)/gnu arm embedded toolchain/10 2021.10/bin/../lib/gcc/arm-none-eabi/10.3.1/../../../../arm-none-eabi/lib/thumb/v7-m/nofp\libc_nano.a(lib_a-stdio.o)
 .debug_frame   0x00000ec8       0x2c d:/program files (x86)/gnu arm embedded toolchain/10 2021.10/bin/../lib/gcc/arm-none-eabi/10.3.1/../../../../arm-none-eabi/lib/thumb/v7-m/nofp\libc_nano.a(lib_a-writer.o)
 .debug_frame   0x00000ef4       0x2c d:/program files (x86)/gnu arm embedded toolchain/10 2021.10/bin/../lib/gcc/arm-none-eabi/10.3.1/../../../../arm-none-eabi/lib/thumb/v7-m/nofp\libc_nano.a(lib_a-closer.o)
 .debug_frame   0x00000f20       0x2c d:/program files (x86)/gnu arm embedded toolchain/10 2021.10/bin/../lib/gcc/arm-none-eabi/10.3.1/../../../../arm-none-eabi/lib/thumb/v7-m/nofp\libc_nano.a(lib_a-fstatr.o)
 .debug_frame   0x00000f4c       0x2c d:/program files (x86)/gnu arm embedded toolchain/10 2021.10/bin/../lib/gcc/arm-none-eabi/10.3.1/../../../../arm-none-eabi/lib/thumb/v7-m/nofp\libc_nano.a(lib_a-isattyr.o)
 .debug_frame   0x00000f78       0x2c d:/program files (x86)/gnu arm embedded toolchain/10 2021.10/bin/../lib/gcc/arm-none-eabi/10.3.1/../../../../arm-none-eabi/lib/thumb/v7-m/nofp\libc_nano.a(lib_a-lseekr.o)
 .debug_frame   0x00000fa4       0x30 d:/program files (x86)/gnu arm embedded toolchain/10 2021.10/bin/../lib/gcc/arm-none-eabi/10.3.1/../../../../arm-none-eabi/lib/thumb/v7-m/nofp\libc_nano.a(lib_a-mlock.o)
 .debug_frame   0x00000fd4       0x2c d:/program files (x86)/gnu arm embedded toolchain/10 2021.10/bin/../lib/gcc/arm-none-eabi/10.3.1/../../../../arm-none-eabi/lib/thumb/v7-m/nofp\libc_nano.a(lib_a-readr.o)
 .debug_frame   0x00001000       0x5c d:/program files (x86)/gnu arm embedded toolchain/10 2021.10/bin/../lib/gcc/arm-none-eabi/10.3.1/../../../../arm-none-eabi/lib/thumb/v7-m/nofp\libc_nano.a(lib_a-reent.o)
 .debug_frame   0x0000105c       0x20 d:/program files (x86)/gnu arm embedded toolchain/10 2021.10/bin/../lib/gcc/arm-none-eabi/10.3.1/../../../../arm-none-eabi/lib/thumb/v7-m/nofp\libnosys.a(close.o)
 .debug_frame   0x0000107c       0x20 d:/program files (x86)/gnu arm embedded toolchain/10 2021.10/bin/../lib/gcc/arm-none-eabi/10.3.1/../../../../arm-none-eabi/lib/thumb/v7-m/nofp\libnosys.a(fstat.o)
 .debug_frame   0x0000109c       0x20 d:/program files (x86)/gnu arm embedded toolchain/10 2021.10/bin/../lib/gcc/arm-none-eabi/10.3.1/../../../../arm-none-eabi/lib/thumb/v7-m/nofp\libnosys.a(isatty.o)
 .debug_frame   0x000010bc       0x20 d:/program files (x86)/gnu arm embedded toolchain/10 2021.10/bin/../lib/gcc/arm-none-eabi/10.3.1/../../../../arm-none-eabi/lib/thumb/v7-m/nofp\libnosys.a(lseek.o)
 .debug_frame   0x000010dc       0x20 d:/program files (x86)/gnu arm embedded toolchain/10 2021.10/bin/../lib/gcc/arm-none-eabi/10.3.1/../../../../arm-none-eabi/lib/thumb/v7-m/nofp\libnosys.a(read.o)
 .debug_frame   0x000010fc       0x20 d:/program files (x86)/gnu arm embedded toolchain/10 2021.10/bin/../lib/gcc/arm-none-eabi/10.3.1/../../../../arm-none-eabi/lib/thumb/v7-m/nofp\libnosys.a(sbrk.o)

.stab           0x00000000       0x84
 .stab          0x00000000       0x24 d:/program files (x86)/gnu arm embedded toolchain/10 2021.10/bin/../lib/gcc/arm-none-eabi/10.3.1/../../../../arm-none-eabi/lib/thumb/v7-m/nofp\libnosys.a(close.o)
 .stab          0x00000024       0x18 d:/program files (x86)/gnu arm embedded toolchain/10 2021.10/bin/../lib/gcc/arm-none-eabi/10.3.1/../../../../arm-none-eabi/lib/thumb/v7-m/nofp\libnosys.a(fstat.o)
                                 0x24 (size before relaxing)
 .stab          0x0000003c       0x18 d:/program files (x86)/gnu arm embedded toolchain/10 2021.10/bin/../lib/gcc/arm-none-eabi/10.3.1/../../../../arm-none-eabi/lib/thumb/v7-m/nofp\libnosys.a(isatty.o)
                                 0x24 (size before relaxing)
 .stab          0x00000054       0x18 d:/program files (x86)/gnu arm embedded toolchain/10 2021.10/bin/../lib/gcc/arm-none-eabi/10.3.1/../../../../arm-none-eabi/lib/thumb/v7-m/nofp\libnosys.a(lseek.o)
                                 0x24 (size before relaxing)
 .stab          0x0000006c       0x18 d:/program files (x86)/gnu arm embedded toolchain/10 2021.10/bin/../lib/gcc/arm-none-eabi/10.3.1/../../../../arm-none-eabi/lib/thumb/v7-m/nofp\libnosys.a(read.o)
                                 0x24 (size before relaxing)

.stabstr        0x00000000      0x117
 .stabstr       0x00000000      0x117 d:/program files (x86)/gnu arm embedded toolchain/10 2021.10/bin/../lib/gcc/arm-none-eabi/10.3.1/../../../../arm-none-eabi/lib/thumb/v7-m/nofp\libnosys.a(close.o)

Cross Reference Table

Symbol                                            File
ADC1_2_IRQHandler                                 build/startup_apm32f10x_hd.o
ADC3_IRQHandler                                   build/startup_apm32f10x_hd.o
ADC_ClearIntFlag                                  build/apm32f10x_adc.o
ADC_ClearStatusFlag                               build/apm32f10x_adc.o
ADC_Config                                        build/apm32f10x_adc.o
ADC_ConfigAnalogWatchdogSingleChannel             build/apm32f10x_adc.o
ADC_ConfigAnalogWatchdogThresholds                build/apm32f10x_adc.o
ADC_ConfigDiscMode                                build/apm32f10x_adc.o
ADC_ConfigExternalTrigInjectedConv                build/apm32f10x_adc.o
ADC_ConfigInjectedChannel                         build/apm32f10x_adc.o
ADC_ConfigInjectedOffset                          build/apm32f10x_adc.o
ADC_ConfigInjectedSequencerLength                 build/apm32f10x_adc.o
ADC_ConfigRegularChannel                          build/apm32f10x_adc.o
ADC_ConfigStructInit                              build/apm32f10x_adc.o
ADC_Disable                                       build/apm32f10x_adc.o
ADC_DisableAnalogWatchdog                         build/apm32f10x_adc.o
ADC_DisableAutoInjectedConv                       build/apm32f10x_adc.o
ADC_DisableDMA                                    build/apm32f10x_adc.o
ADC_DisableDiscMode                               build/apm32f10x_adc.o
ADC_DisableExternalTrigConv                       build/apm32f10x_adc.o
ADC_DisableExternalTrigInjectedConv               build/apm32f10x_adc.o
ADC_DisableInjectedDiscMode                       build/apm32f10x_adc.o
ADC_DisableInterrupt                              build/apm32f10x_adc.o
ADC_DisableSoftwareStartConv                      build/apm32f10x_adc.o
ADC_DisableSoftwareStartInjectedConv              build/apm32f10x_adc.o
ADC_DisableTempSensorVrefint                      build/apm32f10x_adc.o
ADC_Enable                                        build/apm32f10x_adc.o
ADC_EnableAnalogWatchdog                          build/apm32f10x_adc.o
ADC_EnableAutoInjectedConv                        build/apm32f10x_adc.o
ADC_EnableDMA                                     build/apm32f10x_adc.o
ADC_EnableDiscMode                                build/apm32f10x_adc.o
ADC_EnableExternalTrigConv                        build/apm32f10x_adc.o
ADC_EnableExternalTrigInjectedConv                build/apm32f10x_adc.o
ADC_EnableInjectedDiscMode                        build/apm32f10x_adc.o
ADC_EnableInterrupt                               build/apm32f10x_adc.o
ADC_EnableSoftwareStartConv                       build/apm32f10x_adc.o
ADC_EnableSoftwareStartInjectedConv               build/apm32f10x_adc.o
ADC_EnableTempSensorVrefint                       build/apm32f10x_adc.o
ADC_ReadCalibrationStartFlag                      build/apm32f10x_adc.o
ADC_ReadConversionValue                           build/apm32f10x_adc.o
ADC_ReadDualModeConversionValue                   build/apm32f10x_adc.o
ADC_ReadInjectedConversionValue                   build/apm32f10x_adc.o
ADC_ReadIntFlag                                   build/apm32f10x_adc.o
ADC_ReadResetCalibrationStatus                    build/apm32f10x_adc.o
ADC_ReadSoftwareStartConvStatus                   build/apm32f10x_adc.o
ADC_ReadSoftwareStartInjectedConvStatus           build/apm32f10x_adc.o
ADC_ReadStatusFlag                                build/apm32f10x_adc.o
ADC_Reset                                         build/apm32f10x_adc.o
ADC_ResetCalibration                              build/apm32f10x_adc.o
ADC_StartCalibration                              build/apm32f10x_adc.o
APM_MINI_COMInit                                  build/Board.o
                                                  build/main.o
APM_MINI_LEDInit                                  build/Board.o
                                                  build/main.o
APM_MINI_LEDOff                                   build/Board.o
APM_MINI_LEDOn                                    build/Board.o
APM_MINI_LEDToggle                                build/Board.o
                                                  build/main.o
APM_MINI_PBGetState                               build/Board.o
APM_MINI_PBInit                                   build/Board.o
BAKPR_ClearIntFlag                                build/apm32f10x_bakpr.o
BAKPR_ClearStatusFlag                             build/apm32f10x_bakpr.o
BAKPR_ConfigBackupRegister                        build/apm32f10x_bakpr.o
BAKPR_ConfigRTCCalibrationValue                   build/apm32f10x_bakpr.o
BAKPR_ConfigRTCOutput                             build/apm32f10x_bakpr.o
BAKPR_ConfigTamperPinLevel                        build/apm32f10x_bakpr.o
BAKPR_DisableInterrupt                            build/apm32f10x_bakpr.o
BAKPR_DisableTamperPin                            build/apm32f10x_bakpr.o
BAKPR_EnableInterrupt                             build/apm32f10x_bakpr.o
BAKPR_EnableTamperPin                             build/apm32f10x_bakpr.o
BAKPR_ReadBackupRegister                          build/apm32f10x_bakpr.o
BAKPR_ReadIntFlag                                 build/apm32f10x_bakpr.o
BAKPR_ReadStatusFlag                              build/apm32f10x_bakpr.o
BAKPR_Reset                                       build/apm32f10x_bakpr.o
BUTTON_CLK                                        build/Board.o
BUTTON_EINT_LINE                                  build/Board.o
BUTTON_IRQn                                       build/Board.o
BUTTON_PIN                                        build/Board.o
BUTTON_PIN_SOURCE                                 build/Board.o
BUTTON_PORT                                       build/Board.o
BUTTON_PORT_SOURCE                                build/Board.o
BusFault_Handler                                  build/apm32f10x_int.o
CAN1_RX1_IRQHandler                               build/startup_apm32f10x_hd.o
CAN1_SCE_IRQHandler                               build/startup_apm32f10x_hd.o
CAN2_RX1_IRQHandler                               build/startup_apm32f10x_hd.o
CAN2_SCE_IRQHandler                               build/startup_apm32f10x_hd.o
CAN_CancelTxMailbox                               build/apm32f10x_can.o
CAN_ClearIntFlag                                  build/apm32f10x_can.o
CAN_ClearStatusFlag                               build/apm32f10x_can.o
CAN_Config                                        build/apm32f10x_can.o
CAN_ConfigFilter                                  build/apm32f10x_can.o
CAN_ConfigStructInit                              build/apm32f10x_can.o
CAN_DisableDBGFreeze                              build/apm32f10x_can.o
CAN_DisableInterrupt                              build/apm32f10x_can.o
CAN_EnableDBGFreeze                               build/apm32f10x_can.o
CAN_EnableInterrupt                               build/apm32f10x_can.o
CAN_OperatingMode                                 build/apm32f10x_can.o
CAN_PendingMessage                                build/apm32f10x_can.o
CAN_ReadIntFlag                                   build/apm32f10x_can.o
CAN_ReadLSBTxErrorCounter                         build/apm32f10x_can.o
CAN_ReadLastErrorCode                             build/apm32f10x_can.o
CAN_ReadRxErrorCounter                            build/apm32f10x_can.o
CAN_ReadStatusFlag                                build/apm32f10x_can.o
CAN_ReleaseFIFO                                   build/apm32f10x_can.o
CAN_Reset                                         build/apm32f10x_can.o
CAN_RxMessage                                     build/apm32f10x_can.o
CAN_SlaveStartBank                                build/apm32f10x_can.o
CAN_SleepMode                                     build/apm32f10x_can.o
CAN_TxMessage                                     build/apm32f10x_can.o
CAN_TxMessageStatus                               build/apm32f10x_can.o
CAN_WakeUpMode                                    build/apm32f10x_can.o
COM_RX_PIN                                        build/Board.o
COM_RX_PORT                                       build/Board.o
COM_RX_PORT_CLK                                   build/Board.o
COM_TX_PIN                                        build/Board.o
COM_TX_PORT                                       build/Board.o
COM_TX_PORT_CLK                                   build/Board.o
COM_USART                                         build/Board.o
COM_USART_CLK                                     build/Board.o
CRC_CalculateBlockCRC                             build/apm32f10x_crc.o
CRC_CalculateCRC                                  build/apm32f10x_crc.o
CRC_ReadCRC                                       build/apm32f10x_crc.o
CRC_ReadIDRegister                                build/apm32f10x_crc.o
CRC_ResetDATA                                     build/apm32f10x_crc.o
CRC_WriteIDRegister                               build/apm32f10x_crc.o
DAC_Config                                        build/apm32f10x_dac.o
DAC_ConfigChannel1Data                            build/apm32f10x_dac.o
DAC_ConfigChannel2Data                            build/apm32f10x_dac.o
DAC_ConfigDualChannelData                         build/apm32f10x_dac.o
DAC_ConfigStructInit                              build/apm32f10x_dac.o
DAC_DMA_Disable                                   build/apm32f10x_dac.o
DAC_DMA_Enable                                    build/apm32f10x_dac.o
DAC_Disable                                       build/apm32f10x_dac.o
DAC_DisableDualSoftwareTrigger                    build/apm32f10x_dac.o
DAC_DisableSoftwareTrigger                        build/apm32f10x_dac.o
DAC_DisableWaveGeneration                         build/apm32f10x_dac.o
DAC_Enable                                        build/apm32f10x_dac.o
DAC_EnableDualSoftwareTrigger                     build/apm32f10x_dac.o
DAC_EnableSoftwareTrigger                         build/apm32f10x_dac.o
DAC_EnableWaveGeneration                          build/apm32f10x_dac.o
DAC_ReadDataOutputValue                           build/apm32f10x_dac.o
DAC_Reset                                         build/apm32f10x_dac.o
DBGMCU_Disable                                    build/apm32f10x_dbgmcu.o
DBGMCU_Enable                                     build/apm32f10x_dbgmcu.o
DBGMCU_ReadDEVID                                  build/apm32f10x_dbgmcu.o
DBGMCU_ReadREVID                                  build/apm32f10x_dbgmcu.o
DMA1_Channel1_IRQHandler                          build/startup_apm32f10x_hd.o
DMA1_Channel2_IRQHandler                          build/startup_apm32f10x_hd.o
DMA1_Channel3_IRQHandler                          build/startup_apm32f10x_hd.o
DMA1_Channel4_IRQHandler                          build/startup_apm32f10x_hd.o
DMA1_Channel5_IRQHandler                          build/startup_apm32f10x_hd.o
DMA1_Channel6_IRQHandler                          build/startup_apm32f10x_hd.o
DMA1_Channel7_IRQHandler                          build/startup_apm32f10x_hd.o
DMA2_Channel1_IRQHandler                          build/startup_apm32f10x_hd.o
DMA2_Channel2_IRQHandler                          build/startup_apm32f10x_hd.o
DMA2_Channel3_IRQHandler                          build/startup_apm32f10x_hd.o
DMA2_Channel4_5_IRQHandler                        build/startup_apm32f10x_hd.o
DMA_ClearIntFlag                                  build/apm32f10x_dma.o
DMA_ClearStatusFlag                               build/apm32f10x_dma.o
DMA_Config                                        build/apm32f10x_dma.o
DMA_ConfigDataNumber                              build/apm32f10x_dma.o
DMA_ConfigStructInit                              build/apm32f10x_dma.o
DMA_Disable                                       build/apm32f10x_dma.o
DMA_DisableInterrupt                              build/apm32f10x_dma.o
DMA_Enable                                        build/apm32f10x_dma.o
DMA_EnableInterrupt                               build/apm32f10x_dma.o
DMA_ReadDataNumber                                build/apm32f10x_dma.o
DMA_ReadIntFlag                                   build/apm32f10x_dma.o
DMA_ReadStatusFlag                                build/apm32f10x_dma.o
DMA_Reset                                         build/apm32f10x_dma.o
DMC_Config                                        build/apm32f10x_dmc.o
DMC_ConfigAddrWidth                               build/apm32f10x_dmc.o
DMC_ConfigAutoRefreshNumDuringInit                build/apm32f10x_dmc.o
DMC_ConfigBankWidth                               build/apm32f10x_dmc.o
DMC_ConfigClockPhase                              build/apm32f10x_dmc.o
DMC_ConfigFullRefreshAfterSR                      build/apm32f10x_dmc.o
DMC_ConfigFullRefreshBeforeSR                     build/apm32f10x_dmc.o
DMC_ConfigMemorySize                              build/apm32f10x_dmc.o
DMC_ConfigOpenBank                                build/apm32f10x_dmc.o
DMC_ConfigPrechargeType                           build/apm32f10x_dmc.o
DMC_ConfigRefreshPeriod                           build/apm32f10x_dmc.o
DMC_ConfigStableTimePowerup                       build/apm32f10x_dmc.o
DMC_ConfigStructInit                              build/apm32f10x_dmc.o
DMC_ConfigTiming                                  build/apm32f10x_dmc.o
DMC_ConfigTimingStructInit                        build/apm32f10x_dmc.o
DMC_ConfigWRAPB                                   build/apm32f10x_dmc.o
DMC_Disable                                       build/apm32f10x_dmc.o
DMC_DisableAccelerateModule                       build/apm32f10x_dmc.o
DMC_EixtSlefRefreshMode                           build/apm32f10x_dmc.o
DMC_Enable                                        build/apm32f10x_dmc.o
DMC_EnableAccelerateModule                        build/apm32f10x_dmc.o
DMC_EnableInit                                    build/apm32f10x_dmc.o
DMC_EnableUpdateMode                              build/apm32f10x_dmc.o
DMC_EnterPowerdownMode                            build/apm32f10x_dmc.o
DMC_EnterSlefRefreshMode                          build/apm32f10x_dmc.o
DMC_ReadSelfRefreshStatus                         build/apm32f10x_dmc.o
DebugMon_Handler                                  build/apm32f10x_int.o
Default_Handler                                   build/startup_apm32f10x_hd.o
Delay                                             build/main.o
EINT0_IRQHandler                                  build/startup_apm32f10x_hd.o
EINT15_10_IRQHandler                              build/startup_apm32f10x_hd.o
EINT1_IRQHandler                                  build/startup_apm32f10x_hd.o
EINT2_IRQHandler                                  build/startup_apm32f10x_hd.o
EINT3_IRQHandler                                  build/startup_apm32f10x_hd.o
EINT4_IRQHandler                                  build/startup_apm32f10x_hd.o
EINT9_5_IRQHandler                                build/startup_apm32f10x_hd.o
EINT_ClearIntFlag                                 build/apm32f10x_eint.o
EINT_ClearStatusFlag                              build/apm32f10x_eint.o
EINT_Config                                       build/apm32f10x_eint.o
                                                  build/Board.o
EINT_ConfigStructInit                             build/apm32f10x_eint.o
EINT_ReadIntFlag                                  build/apm32f10x_eint.o
EINT_ReadStatusFlag                               build/apm32f10x_eint.o
EINT_Reset                                        build/apm32f10x_eint.o
EINT_SelectSWInterrupt                            build/apm32f10x_eint.o
EMMC_ClearIntFlag                                 build/apm32f10x_emmc.o
EMMC_ClearStatusFlag                              build/apm32f10x_emmc.o
EMMC_ConfigNAND                                   build/apm32f10x_emmc.o
EMMC_ConfigNANDStructInit                         build/apm32f10x_emmc.o
EMMC_ConfigNORSRAM                                build/apm32f10x_emmc.o
EMMC_ConfigNORSRAMStructInit                      build/apm32f10x_emmc.o
EMMC_ConfigPCCard                                 build/apm32f10x_emmc.o
EMMC_ConfigPCCardStructInit                       build/apm32f10x_emmc.o
EMMC_DisableInterrupt                             build/apm32f10x_emmc.o
EMMC_DisableNAND                                  build/apm32f10x_emmc.o
EMMC_DisableNANDECC                               build/apm32f10x_emmc.o
EMMC_DisableNORSRAM                               build/apm32f10x_emmc.o
EMMC_DisablePCCARD                                build/apm32f10x_emmc.o
EMMC_EnableInterrupt                              build/apm32f10x_emmc.o
EMMC_EnableNAND                                   build/apm32f10x_emmc.o
EMMC_EnableNANDECC                                build/apm32f10x_emmc.o
EMMC_EnableNORSRAM                                build/apm32f10x_emmc.o
EMMC_EnablePCCARD                                 build/apm32f10x_emmc.o
EMMC_ReadECC                                      build/apm32f10x_emmc.o
EMMC_ReadIntFlag                                  build/apm32f10x_emmc.o
EMMC_ReadStatusFlag                               build/apm32f10x_emmc.o
EMMC_ResetNAND                                    build/apm32f10x_emmc.o
EMMC_ResetNORSRAM                                 build/apm32f10x_emmc.o
EMMC_ResetPCCard                                  build/apm32f10x_emmc.o
FLASH_IRQHandler                                  build/startup_apm32f10x_hd.o
FMC_ClearStatusFlag                               build/apm32f10x_fmc.o
FMC_ConfigLatency                                 build/apm32f10x_fmc.o
FMC_ConfigUserOptionByte                          build/apm32f10x_fmc.o
FMC_DisableHalfCycleAccess                        build/apm32f10x_fmc.o
FMC_DisableInterrupt                              build/apm32f10x_fmc.o
FMC_DisablePrefetchBuffer                         build/apm32f10x_fmc.o
FMC_DisableReadOutProtection                      build/apm32f10x_fmc.o
FMC_EnableHalfCycleAccess                         build/apm32f10x_fmc.o
FMC_EnableInterrupt                               build/apm32f10x_fmc.o
FMC_EnablePrefetchBuffer                          build/apm32f10x_fmc.o
FMC_EnableReadOutProtection                       build/apm32f10x_fmc.o
FMC_EnableWriteProtection                         build/apm32f10x_fmc.o
FMC_EraseAllPage                                  build/apm32f10x_fmc.o
FMC_EraseOptionBytes                              build/apm32f10x_fmc.o
FMC_ErasePage                                     build/apm32f10x_fmc.o
FMC_GetReadProtectionStatus                       build/apm32f10x_fmc.o
FMC_Lock                                          build/apm32f10x_fmc.o
FMC_ProgramHalfWord                               build/apm32f10x_fmc.o
FMC_ProgramOptionByteData                         build/apm32f10x_fmc.o
FMC_ProgramWord                                   build/apm32f10x_fmc.o
FMC_ReadOptionByteWriteProtection                 build/apm32f10x_fmc.o
FMC_ReadPrefetchBufferStatus                      build/apm32f10x_fmc.o
FMC_ReadStatus                                    build/apm32f10x_fmc.o
FMC_ReadStatusFlag                                build/apm32f10x_fmc.o
FMC_ReadUserOptionByte                            build/apm32f10x_fmc.o
FMC_Unlock                                        build/apm32f10x_fmc.o
FMC_WaitForLastOperation                          build/apm32f10x_fmc.o
FSMC_IRQHandler                                   build/startup_apm32f10x_hd.o
GPIO_AFIOReset                                    build/apm32f10x_gpio.o
GPIO_CLK                                          build/Board.o
GPIO_Config                                       build/apm32f10x_gpio.o
                                                  build/Board.o
GPIO_ConfigEINTLine                               build/apm32f10x_gpio.o
                                                  build/Board.o
GPIO_ConfigEventOutput                            build/apm32f10x_gpio.o
GPIO_ConfigPinLock                                build/apm32f10x_gpio.o
GPIO_ConfigPinRemap                               build/apm32f10x_gpio.o
GPIO_ConfigStructInit                             build/apm32f10x_gpio.o
GPIO_DisableEventOutput                           build/apm32f10x_gpio.o
GPIO_EnableEventOutput                            build/apm32f10x_gpio.o
GPIO_PIN                                          build/Board.o
GPIO_PORT                                         build/Board.o
GPIO_ReadInputBit                                 build/apm32f10x_gpio.o
                                                  build/Board.o
GPIO_ReadInputPort                                build/apm32f10x_gpio.o
GPIO_ReadOutputBit                                build/apm32f10x_gpio.o
GPIO_ReadOutputPort                               build/apm32f10x_gpio.o
GPIO_Reset                                        build/apm32f10x_gpio.o
GPIO_ResetBit                                     build/apm32f10x_gpio.o
GPIO_SetBit                                       build/apm32f10x_gpio.o
GPIO_WriteBitValue                                build/apm32f10x_gpio.o
GPIO_WriteOutputPort                              build/apm32f10x_gpio.o
HardFault_Handler                                 build/apm32f10x_int.o
I2C1_ER_IRQHandler                                build/startup_apm32f10x_hd.o
I2C1_EV_IRQHandler                                build/startup_apm32f10x_hd.o
I2C2_ER_IRQHandler                                build/startup_apm32f10x_hd.o
I2C2_EV_IRQHandler                                build/startup_apm32f10x_hd.o
I2C_ClearIntFlag                                  build/apm32f10x_i2c.o
I2C_ClearStatusFlag                               build/apm32f10x_i2c.o
I2C_Config                                        build/apm32f10x_i2c.o
I2C_ConfigFastModeDutyCycle                       build/apm32f10x_i2c.o
I2C_ConfigNACKPosition                            build/apm32f10x_i2c.o
I2C_ConfigOwnAddress2                             build/apm32f10x_i2c.o
I2C_ConfigPECPosition                             build/apm32f10x_i2c.o
I2C_ConfigSMBusAlert                              build/apm32f10x_i2c.o
I2C_ConfigStructInit                              build/apm32f10x_i2c.o
I2C_Disable                                       build/apm32f10x_i2c.o
I2C_DisableARP                                    build/apm32f10x_i2c.o
I2C_DisableAcknowledge                            build/apm32f10x_i2c.o
I2C_DisableDMA                                    build/apm32f10x_i2c.o
I2C_DisableDMALastTransfer                        build/apm32f10x_i2c.o
I2C_DisableDualAddress                            build/apm32f10x_i2c.o
I2C_DisableGeneralCall                            build/apm32f10x_i2c.o
I2C_DisableGenerateStart                          build/apm32f10x_i2c.o
I2C_DisableGenerateStop                           build/apm32f10x_i2c.o
I2C_DisableInterrupt                              build/apm32f10x_i2c.o
I2C_DisablePEC                                    build/apm32f10x_i2c.o
I2C_DisablePECTransmit                            build/apm32f10x_i2c.o
I2C_DisableSoftwareReset                          build/apm32f10x_i2c.o
I2C_DisableStretchClock                           build/apm32f10x_i2c.o
I2C_Enable                                        build/apm32f10x_i2c.o
I2C_EnableARP                                     build/apm32f10x_i2c.o
I2C_EnableAcknowledge                             build/apm32f10x_i2c.o
I2C_EnableDMA                                     build/apm32f10x_i2c.o
I2C_EnableDMALastTransfer                         build/apm32f10x_i2c.o
I2C_EnableDualAddress                             build/apm32f10x_i2c.o
I2C_EnableGeneralCall                             build/apm32f10x_i2c.o
I2C_EnableGenerateStart                           build/apm32f10x_i2c.o
I2C_EnableGenerateStop                            build/apm32f10x_i2c.o
I2C_EnableInterrupt                               build/apm32f10x_i2c.o
I2C_EnablePEC                                     build/apm32f10x_i2c.o
I2C_EnablePECTransmit                             build/apm32f10x_i2c.o
I2C_EnableSoftwareReset                           build/apm32f10x_i2c.o
I2C_EnableStretchClock                            build/apm32f10x_i2c.o
I2C_ReadEventStatus                               build/apm32f10x_i2c.o
I2C_ReadIntFlag                                   build/apm32f10x_i2c.o
I2C_ReadLastEvent                                 build/apm32f10x_i2c.o
I2C_ReadPEC                                       build/apm32f10x_i2c.o
I2C_ReadRegister                                  build/apm32f10x_i2c.o
I2C_ReadStatusFlag                                build/apm32f10x_i2c.o
I2C_Reset                                         build/apm32f10x_i2c.o
I2C_RxData                                        build/apm32f10x_i2c.o
I2C_Tx7BitAddress                                 build/apm32f10x_i2c.o
I2C_TxData                                        build/apm32f10x_i2c.o
I2S_Config                                        build/apm32f10x_spi.o
I2S_ConfigStructInit                              build/apm32f10x_spi.o
I2S_Disable                                       build/apm32f10x_spi.o
I2S_Enable                                        build/apm32f10x_spi.o
IWDT_ConfigDivider                                build/apm32f10x_iwdt.o
IWDT_ConfigReload                                 build/apm32f10x_iwdt.o
IWDT_DisableWriteAccess                           build/apm32f10x_iwdt.o
IWDT_Enable                                       build/apm32f10x_iwdt.o
IWDT_EnableWriteAccess                            build/apm32f10x_iwdt.o
IWDT_ReadStatusFlag                               build/apm32f10x_iwdt.o
IWDT_Refresh                                      build/apm32f10x_iwdt.o
MemManage_Handler                                 build/apm32f10x_int.o
NMI_Handler                                       build/apm32f10x_int.o
NVIC_ConfigPriorityGroup                          build/apm32f10x_misc.o
NVIC_ConfigVectorTable                            build/apm32f10x_misc.o
NVIC_DisableIRQRequest                            build/apm32f10x_misc.o
NVIC_EnableIRQRequest                             build/apm32f10x_misc.o
                                                  build/Board.o
NVIC_ResetystemLowPower                           build/apm32f10x_misc.o
NVIC_SetSystemLowPower                            build/apm32f10x_misc.o
PMU_ClearStatusFlag                               build/apm32f10x_pmu.o
PMU_ConfigPVDLevel                                build/apm32f10x_pmu.o
PMU_DisableBackupAccess                           build/apm32f10x_pmu.o
PMU_DisablePVD                                    build/apm32f10x_pmu.o
PMU_DisableWakeUpPin                              build/apm32f10x_pmu.o
PMU_EnableBackupAccess                            build/apm32f10x_pmu.o
PMU_EnablePVD                                     build/apm32f10x_pmu.o
PMU_EnableWakeUpPin                               build/apm32f10x_pmu.o
PMU_EnterSTANDBYMode                              build/apm32f10x_pmu.o
PMU_EnterSTOPMode                                 build/apm32f10x_pmu.o
PMU_ReadStatusFlag                                build/apm32f10x_pmu.o
PMU_Reset                                         build/apm32f10x_pmu.o
PVD_IRQHandler                                    build/startup_apm32f10x_hd.o
PendSV_Handler                                    build/apm32f10x_int.o
RCM_ClearIntFlag                                  build/apm32f10x_rcm.o
RCM_ClearStatusFlag                               build/apm32f10x_rcm.o
RCM_ConfigADCCLK                                  build/apm32f10x_rcm.o
RCM_ConfigAHB                                     build/apm32f10x_rcm.o
RCM_ConfigAPB1                                    build/apm32f10x_rcm.o
RCM_ConfigAPB2                                    build/apm32f10x_rcm.o
RCM_ConfigFPUCLK                                  build/apm32f10x_rcm.o
RCM_ConfigHSE                                     build/apm32f10x_rcm.o
RCM_ConfigHSITrim                                 build/apm32f10x_rcm.o
RCM_ConfigLSE                                     build/apm32f10x_rcm.o
RCM_ConfigMCO                                     build/apm32f10x_rcm.o
RCM_ConfigPLL                                     build/apm32f10x_rcm.o
RCM_ConfigRTCCLK                                  build/apm32f10x_rcm.o
RCM_ConfigSYSCLK                                  build/apm32f10x_rcm.o
RCM_ConfigUSBCLK                                  build/apm32f10x_rcm.o
RCM_DisableAHBPeriphClock                         build/apm32f10x_rcm.o
RCM_DisableAPB1PeriphClock                        build/apm32f10x_rcm.o
RCM_DisableAPB1PeriphReset                        build/apm32f10x_rcm.o
                                                  build/apm32f10x_wwdt.o
                                                  build/apm32f10x_usart.o
                                                  build/apm32f10x_tmr.o
                                                  build/apm32f10x_spi.o
                                                  build/apm32f10x_sci2c.o
                                                  build/apm32f10x_pmu.o
                                                  build/apm32f10x_i2c.o
                                                  build/apm32f10x_dac.o
                                                  build/apm32f10x_can.o
RCM_DisableAPB2PeriphClock                        build/apm32f10x_rcm.o
RCM_DisableAPB2PeriphReset                        build/apm32f10x_rcm.o
                                                  build/apm32f10x_usart.o
                                                  build/apm32f10x_tmr.o
                                                  build/apm32f10x_spi.o
                                                  build/apm32f10x_gpio.o
                                                  build/apm32f10x_adc.o
RCM_DisableBackupReset                            build/apm32f10x_rcm.o
                                                  build/apm32f10x_bakpr.o
RCM_DisableCSS                                    build/apm32f10x_rcm.o
RCM_DisableHSI                                    build/apm32f10x_rcm.o
RCM_DisableInterrupt                              build/apm32f10x_rcm.o
RCM_DisableLSI                                    build/apm32f10x_rcm.o
RCM_DisablePLL                                    build/apm32f10x_rcm.o
RCM_DisableRTCCLK                                 build/apm32f10x_rcm.o
RCM_EnableAHBPeriphClock                          build/apm32f10x_rcm.o
RCM_EnableAPB1PeriphClock                         build/apm32f10x_rcm.o
                                                  build/Board.o
RCM_EnableAPB1PeriphReset                         build/apm32f10x_rcm.o
                                                  build/apm32f10x_wwdt.o
                                                  build/apm32f10x_usart.o
                                                  build/apm32f10x_tmr.o
                                                  build/apm32f10x_spi.o
                                                  build/apm32f10x_sci2c.o
                                                  build/apm32f10x_pmu.o
                                                  build/apm32f10x_i2c.o
                                                  build/apm32f10x_dac.o
                                                  build/apm32f10x_can.o
RCM_EnableAPB2PeriphClock                         build/apm32f10x_rcm.o
                                                  build/Board.o
RCM_EnableAPB2PeriphReset                         build/apm32f10x_rcm.o
                                                  build/apm32f10x_usart.o
                                                  build/apm32f10x_tmr.o
                                                  build/apm32f10x_spi.o
                                                  build/apm32f10x_gpio.o
                                                  build/apm32f10x_adc.o
RCM_EnableBackupReset                             build/apm32f10x_rcm.o
                                                  build/apm32f10x_bakpr.o
RCM_EnableCSS                                     build/apm32f10x_rcm.o
RCM_EnableHSI                                     build/apm32f10x_rcm.o
RCM_EnableInterrupt                               build/apm32f10x_rcm.o
RCM_EnableLSI                                     build/apm32f10x_rcm.o
RCM_EnablePLL                                     build/apm32f10x_rcm.o
RCM_EnableRTCCLK                                  build/apm32f10x_rcm.o
RCM_IRQHandler                                    build/startup_apm32f10x_hd.o
RCM_ReadADCCLKFreq                                build/apm32f10x_rcm.o
RCM_ReadHCLKFreq                                  build/apm32f10x_rcm.o
RCM_ReadIntFlag                                   build/apm32f10x_rcm.o
RCM_ReadPCLKFreq                                  build/apm32f10x_rcm.o
                                                  build/apm32f10x_usart.o
                                                  build/apm32f10x_i2c.o
RCM_ReadSYSCLKFreq                                build/apm32f10x_rcm.o
                                                  build/apm32f10x_spi.o
RCM_ReadSYSCLKSource                              build/apm32f10x_rcm.o
RCM_ReadStatusFlag                                build/apm32f10x_rcm.o
RCM_Reset                                         build/apm32f10x_rcm.o
RCM_WaitHSEReady                                  build/apm32f10x_rcm.o
RTC_Alarm_IRQHandler                              build/startup_apm32f10x_hd.o
RTC_ClearIntFlag                                  build/apm32f10x_rtc.o
RTC_ClearStatusFlag                               build/apm32f10x_rtc.o
RTC_ConfigAlarm                                   build/apm32f10x_rtc.o
RTC_ConfigCounter                                 build/apm32f10x_rtc.o
RTC_ConfigPrescaler                               build/apm32f10x_rtc.o
RTC_DisableConfigMode                             build/apm32f10x_rtc.o
RTC_DisableInterrupt                              build/apm32f10x_rtc.o
RTC_EnableConfigMode                              build/apm32f10x_rtc.o
RTC_EnableInterrupt                               build/apm32f10x_rtc.o
RTC_IRQHandler                                    build/startup_apm32f10x_hd.o
RTC_ReadCounter                                   build/apm32f10x_rtc.o
RTC_ReadDivider                                   build/apm32f10x_rtc.o
RTC_ReadIntFlag                                   build/apm32f10x_rtc.o
RTC_ReadStatusFlag                                build/apm32f10x_rtc.o
RTC_WaitForLastTask                               build/apm32f10x_rtc.o
RTC_WaitForSynchor                                build/apm32f10x_rtc.o
Reset_Handler                                     build/startup_apm32f10x_hd.o
SCI2C_Abort                                       build/apm32f10x_sci2c.o
SCI2C_BlockTxCmd                                  build/apm32f10x_sci2c.o
SCI2C_ClearIntFlag                                build/apm32f10x_sci2c.o
SCI2C_Config                                      build/apm32f10x_sci2c.o
SCI2C_ConfigClkPeriod                             build/apm32f10x_sci2c.o
SCI2C_ConfigDMARxDataLevel                        build/apm32f10x_sci2c.o
SCI2C_ConfigDMATxDataLevel                        build/apm32f10x_sci2c.o
SCI2C_ConfigDataDir                               build/apm32f10x_sci2c.o
SCI2C_ConfigDataRegister                          build/apm32f10x_sci2c.o
SCI2C_ConfigMasterAddr                            build/apm32f10x_sci2c.o
SCI2C_ConfigMasterCode                            build/apm32f10x_sci2c.o
SCI2C_ConfigRxFifoThreshold                       build/apm32f10x_sci2c.o
SCI2C_ConfigSDADelayTime                          build/apm32f10x_sci2c.o
SCI2C_ConfigSDAHoldTime                           build/apm32f10x_sci2c.o
SCI2C_ConfigSlaveAddr                             build/apm32f10x_sci2c.o
SCI2C_ConfigSpeed                                 build/apm32f10x_sci2c.o
SCI2C_ConfigSpikeSuppressionLimit                 build/apm32f10x_sci2c.o
SCI2C_ConfigStructInit                            build/apm32f10x_sci2c.o
SCI2C_ConfigTxFifoThreshold                       build/apm32f10x_sci2c.o
SCI2C_Disable                                     build/apm32f10x_sci2c.o
SCI2C_DisableDMA                                  build/apm32f10x_sci2c.o
SCI2C_DisableInterrupt                            build/apm32f10x_sci2c.o
SCI2C_DisableMasterMode                           build/apm32f10x_sci2c.o
SCI2C_DisableRestart                              build/apm32f10x_sci2c.o
SCI2C_DisableSlaveMode                            build/apm32f10x_sci2c.o
SCI2C_DisableStopDetectAddressed                  build/apm32f10x_sci2c.o
SCI2C_DisableStopDetectMasterActivity             build/apm32f10x_sci2c.o
SCI2C_Enable                                      build/apm32f10x_sci2c.o
SCI2C_EnableDMA                                   build/apm32f10x_sci2c.o
SCI2C_EnableInterrupt                             build/apm32f10x_sci2c.o
SCI2C_EnableMasterMode                            build/apm32f10x_sci2c.o
SCI2C_EnableRestart                               build/apm32f10x_sci2c.o
SCI2C_EnableSlaveMode                             build/apm32f10x_sci2c.o
SCI2C_EnableStopDetectAddressed                   build/apm32f10x_sci2c.o
SCI2C_EnableStopDetectMasterActivity              build/apm32f10x_sci2c.o
SCI2C_GernalCallAck                               build/apm32f10x_sci2c.o
SCI2C_ReadIntFlag                                 build/apm32f10x_sci2c.o
SCI2C_ReadRawIntFlag                              build/apm32f10x_sci2c.o
SCI2C_ReadRxFifoDataCnt                           build/apm32f10x_sci2c.o
SCI2C_ReadStatusFlag                              build/apm32f10x_sci2c.o
SCI2C_ReadTxAbortSource                           build/apm32f10x_sci2c.o
SCI2C_ReadTxFifoDataCnt                           build/apm32f10x_sci2c.o
SCI2C_Reset                                       build/apm32f10x_sci2c.o
SCI2C_RxData                                      build/apm32f10x_sci2c.o
SCI2C_SlaveDataNackOnly                           build/apm32f10x_sci2c.o
SCI2C_TxData                                      build/apm32f10x_sci2c.o
SDIO_ClearIntFlag                                 build/apm32f10x_sdio.o
SDIO_ClearStatusFlag                              build/apm32f10x_sdio.o
SDIO_Config                                       build/apm32f10x_sdio.o
SDIO_ConfigData                                   build/apm32f10x_sdio.o
SDIO_ConfigDataStructInit                         build/apm32f10x_sdio.o
SDIO_ConfigPowerState                             build/apm32f10x_sdio.o
SDIO_ConfigSDIOReadWaitMode                       build/apm32f10x_sdio.o
SDIO_ConfigStructInit                             build/apm32f10x_sdio.o
SDIO_DisableCEATAInterrupt                        build/apm32f10x_sdio.o
SDIO_DisableClock                                 build/apm32f10x_sdio.o
SDIO_DisableCommandCompletion                     build/apm32f10x_sdio.o